23:06:12 **** Incremental Build of configuration Debug for project app04_MotionAlarm ****
make -j20 all 
arm-none-eabi-size  app04_MotionAlarm.elf 
   text	   data	    bss	    dec	    hex	filename
   3264	      0	   2592	   5856	   16e0	app04_MotionAlarm.elf
Finished building: default.size.stdout
 
23:20:32 **** Build of configuration Debug for project firmware_updater ****
make -j20 all 
arm-none-eabi-gcc "../Core/Src/main.c" -mcpu=cortex-m4 -std=gnu11 -g3 -DDEBUG -DUSE_HAL_DRIVER -DSTM32F411xE -c -I../Core/Inc -I../Drivers/STM32F4xx_HAL_Driver/Inc -I../Drivers/STM32F4xx_HAL_Driver/Inc/Legacy -I../Drivers/CMSIS/Device/ST/STM32F4xx/Include -I../Drivers/CMSIS/Include -O0 -ffunction-sections -fdata-sections -Wall -fstack-usage -fcyclomatic-complexity -MMD -MP -MF"Core/Src/main.d" -MT"Core/Src/main.o" --specs=nano.specs -mfpu=fpv4-sp-d16 -mfloat-abi=hard -mthumb -o "Core/Src/main.o"
../Core/Src/main.c:4: warning: "DMA2_BASE" redefined
    4 | #define DMA2_BASE 0x40026400
      | 
In file included from ../Drivers/CMSIS/Device/ST/STM32F4xx/Include/stm32f4xx.h:154,
                 from ../Drivers/STM32F4xx_HAL_Driver/Inc/stm32f4xx_hal_def.h:29,
                 from ../Drivers/STM32F4xx_HAL_Driver/Inc/stm32f4xx_hal_rcc.h:27,
                 from ../Core/Inc/stm32f4xx_hal_conf.h:275,
                 from ../Drivers/STM32F4xx_HAL_Driver/Inc/stm32f4xx_hal.h:29,
                 from ../Core/Inc/main.h:30,
                 from ../Core/Src/main.c:1:
../Drivers/CMSIS/Device/ST/STM32F4xx/Include/stm32f411xe.h:711: note: this is the location of the previous definition
  711 | #define DMA2_BASE             (AHB1PERIPH_BASE + 0x6400UL)
      | 
../Core/Src/main.c:18: warning: "GPIOA_BASE" redefined
   18 | #define GPIOA_BASE 0x40020000
      | 
../Drivers/CMSIS/Device/ST/STM32F4xx/Include/stm32f411xe.h:693: note: this is the location of the previous definition
  693 | #define GPIOA_BASE            (AHB1PERIPH_BASE + 0x0000UL)
      | 
../Core/Src/main.c:21: warning: "GPIOD_BASE" redefined
   21 | #define GPIOD_BASE 0x40020C00
      | 
../Drivers/CMSIS/Device/ST/STM32F4xx/Include/stm32f411xe.h:696: note: this is the location of the previous definition
  696 | #define GPIOD_BASE            (AHB1PERIPH_BASE + 0x0C00UL)
      | 
../Core/Src/main.c:24: warning: "RCC_BASE" redefined
   24 | #define RCC_BASE 0x40023800
      | 
../Drivers/CMSIS/Device/ST/STM32F4xx/Include/stm32f411xe.h:700: note: this is the location of the previous definition
  700 | #define RCC_BASE              (AHB1PERIPH_BASE + 0x3800UL)
      | 
../Core/Src/main.c:28: warning: "FLASH_BASE" redefined
   28 | #define FLASH_BASE 0x40023C00
      | 
../Drivers/CMSIS/Device/ST/STM32F4xx/Include/stm32f411xe.h:636: note: this is the location of the previous definition
  636 | #define FLASH_BASE            0x08000000UL /*!< FLASH(up to 1 MB) base address in the alias region                         */
      | 
../Core/Src/main.c: In function 'DMA2_Init':
../Core/Src/main.c:112:21: warning: assignment to 'uint32_t' {aka 'long unsigned int'} from 'char *' makes integer from pointer without a cast [-Wint-conversion]
  112 |         *DMA2_SM0AR = rxbuff;
      |                     ^
../Core/Src/main.c: In function 'UART2_Init':
../Core/Src/main.c:132:53: error: 'RCC_APB1ENR' undeclared (first use in this function); did you mean 'RCC_APB2ENR'?
  132 |         uint32_t* UART2_EN = (uint32_t*)(RCC_BASE + RCC_APB1ENR);
      |                                                     ^~~~~~~~~~~
      |                                                     RCC_APB2ENR
../Core/Src/main.c:132:53: note: each undeclared identifier is reported only once for each function it appears in
../Core/Src/main.c: In function 'update':
../Core/Src/main.c:216:40: warning: passing argument 1 of 'FLASH_Write' makes pointer from integer without a cast [-Wint-conversion]
  216 |                 FLASH_Write(0x08000000 + i, rxbuff[i]);
      |                             ~~~~~~~~~~~^~~
      |                                        |
      |                                        int
../Core/Src/main.c:197:64: note: expected 'uint8_t *' {aka 'unsigned char *'} but argument is of type 'int'
  197 | __attribute__((section(".RamFunc"))) void FLASH_Write(uint8_t* addr, uint8_t data) {
      |                                                       ~~~~~~~~~^~~~
make: *** [Core/Src/subdir.mk:34: Core/Src/main.o] Error 1
"make -j20 all" terminated with exit code 2. Build might be incomplete.
23:20:57 **** Incremental Build of configuration Debug for project firmware_updater ****
make -j20 all 
arm-none-eabi-gcc "../Core/Src/main.c" -mcpu=cortex-m4 -std=gnu11 -g3 -DDEBUG -DUSE_HAL_DRIVER -DSTM32F411xE -c -I../Core/Inc -I../Drivers/STM32F4xx_HAL_Driver/Inc -I../Drivers/STM32F4xx_HAL_Driver/Inc/Legacy -I../Drivers/CMSIS/Device/ST/STM32F4xx/Include -I../Drivers/CMSIS/Include -O0 -ffunction-sections -fdata-sections -Wall -fstack-usage -fcyclomatic-complexity -MMD -MP -MF"Core/Src/main.d" -MT"Core/Src/main.o" --specs=nano.specs -mfpu=fpv4-sp-d16 -mfloat-abi=hard -mthumb -o "Core/Src/main.o"
../Core/Src/main.c:4: warning: "DMA2_BASE" redefined
    4 | #define DMA2_BASE 0x40026400
      | 
In file included from ../Drivers/CMSIS/Device/ST/STM32F4xx/Include/stm32f4xx.h:154,
                 from ../Drivers/STM32F4xx_HAL_Driver/Inc/stm32f4xx_hal_def.h:29,
                 from ../Drivers/STM32F4xx_HAL_Driver/Inc/stm32f4xx_hal_rcc.h:27,
                 from ../Core/Inc/stm32f4xx_hal_conf.h:275,
                 from ../Drivers/STM32F4xx_HAL_Driver/Inc/stm32f4xx_hal.h:29,
                 from ../Core/Inc/main.h:30,
                 from ../Core/Src/main.c:1:
../Drivers/CMSIS/Device/ST/STM32F4xx/Include/stm32f411xe.h:711: note: this is the location of the previous definition
  711 | #define DMA2_BASE             (AHB1PERIPH_BASE + 0x6400UL)
      | 
../Core/Src/main.c:18: warning: "GPIOA_BASE" redefined
   18 | #define GPIOA_BASE 0x40020000
      | 
../Drivers/CMSIS/Device/ST/STM32F4xx/Include/stm32f411xe.h:693: note: this is the location of the previous definition
  693 | #define GPIOA_BASE            (AHB1PERIPH_BASE + 0x0000UL)
      | 
../Core/Src/main.c:21: warning: "GPIOD_BASE" redefined
   21 | #define GPIOD_BASE 0x40020C00
      | 
../Drivers/CMSIS/Device/ST/STM32F4xx/Include/stm32f411xe.h:696: note: this is the location of the previous definition
  696 | #define GPIOD_BASE            (AHB1PERIPH_BASE + 0x0C00UL)
      | 
../Core/Src/main.c:24: warning: "RCC_BASE" redefined
   24 | #define RCC_BASE 0x40023800
      | 
../Drivers/CMSIS/Device/ST/STM32F4xx/Include/stm32f411xe.h:700: note: this is the location of the previous definition
  700 | #define RCC_BASE              (AHB1PERIPH_BASE + 0x3800UL)
      | 
../Core/Src/main.c:29: warning: "FLASH_BASE" redefined
   29 | #define FLASH_BASE 0x40023C00
      | 
../Drivers/CMSIS/Device/ST/STM32F4xx/Include/stm32f411xe.h:636: note: this is the location of the previous definition
  636 | #define FLASH_BASE            0x08000000UL /*!< FLASH(up to 1 MB) base address in the alias region                         */
      | 
../Core/Src/main.c: In function 'DMA2_Init':
../Core/Src/main.c:113:21: warning: assignment to 'uint32_t' {aka 'long unsigned int'} from 'char *' makes integer from pointer without a cast [-Wint-conversion]
  113 |         *DMA2_SM0AR = rxbuff;
      |                     ^
../Core/Src/main.c: In function 'update':
../Core/Src/main.c:217:40: warning: passing argument 1 of 'FLASH_Write' makes pointer from integer without a cast [-Wint-conversion]
  217 |                 FLASH_Write(0x08000000 + i, rxbuff[i]);
      |                             ~~~~~~~~~~~^~~
      |                                        |
      |                                        int
../Core/Src/main.c:198:64: note: expected 'uint8_t *' {aka 'unsigned char *'} but argument is of type 'int'
  198 | __attribute__((section(".RamFunc"))) void FLASH_Write(uint8_t* addr, uint8_t data) {
      |                                                       ~~~~~~~~~^~~~
arm-none-eabi-gcc -o "firmware_updater.elf" @"objects.list"   -mcpu=cortex-m4 -T"D:\Personal_projects\STM32F4_firmware_update\firmware_updater\STM32F411VETX_FLASH.ld" --specs=nosys.specs -Wl,-Map="firmware_updater.map" -Wl,--gc-sections -static --specs=nano.specs -mfpu=fpv4-sp-d16 -mfloat-abi=hard -mthumb -Wl,--start-group -lc -lm -Wl,--end-group
D:/STM32cubeIDE/STM32CubeIDE_1.18.1/STM32CubeIDE/plugins/com.st.stm32cube.ide.mcu.externaltools.gnu-tools-for-stm32.13.3.rel1.win32_1.0.0.202411081344/tools/bin/../lib/gcc/arm-none-eabi/13.3.1/../../../../arm-none-eabi/bin/ld.exe: warning: firmware_updater.elf has a LOAD segment with RWX permissions
Finished building target: firmware_updater.elf
 
arm-none-eabi-size  firmware_updater.elf 
arm-none-eabi-objdump -h -S firmware_updater.elf  > "firmware_updater.list"
arm-none-eabi-objcopy  -O binary firmware_updater.elf  "firmware_updater.bin"
   text	   data	    bss	    dec	    hex	filename
   1812	      0	   3636	   5448	   1548	firmware_updater.elf
Finished building: default.size.stdout
 
Finished building: firmware_updater.bin
 
Finished building: firmware_updater.list
 
23:21:38 **** Incremental Build of configuration Debug for project firmware_updater ****
make -j20 all 
arm-none-eabi-gcc "../Core/Src/main.c" -mcpu=cortex-m4 -std=gnu11 -g3 -DDEBUG -DUSE_HAL_DRIVER -DSTM32F411xE -c -I../Core/Inc -I../Drivers/STM32F4xx_HAL_Driver/Inc -I../Drivers/STM32F4xx_HAL_Driver/Inc/Legacy -I../Drivers/CMSIS/Device/ST/STM32F4xx/Include -I../Drivers/CMSIS/Include -O0 -ffunction-sections -fdata-sections -Wall -fstack-usage -fcyclomatic-complexity -MMD -MP -MF"Core/Src/main.d" -MT"Core/Src/main.o" --specs=nano.specs -mfpu=fpv4-sp-d16 -mfloat-abi=hard -mthumb -o "Core/Src/main.o"
../Core/Src/main.c:4: warning: "DMA2_BASE" redefined
    4 | #define DMA2_BASE 0x40026400
      | 
In file included from ../Drivers/CMSIS/Device/ST/STM32F4xx/Include/stm32f4xx.h:154,
                 from ../Drivers/STM32F4xx_HAL_Driver/Inc/stm32f4xx_hal_def.h:29,
                 from ../Drivers/STM32F4xx_HAL_Driver/Inc/stm32f4xx_hal_rcc.h:27,
                 from ../Core/Inc/stm32f4xx_hal_conf.h:275,
                 from ../Drivers/STM32F4xx_HAL_Driver/Inc/stm32f4xx_hal.h:29,
                 from ../Core/Inc/main.h:30,
                 from ../Core/Src/main.c:1:
../Drivers/CMSIS/Device/ST/STM32F4xx/Include/stm32f411xe.h:711: note: this is the location of the previous definition
  711 | #define DMA2_BASE             (AHB1PERIPH_BASE + 0x6400UL)
      | 
../Core/Src/main.c:18: warning: "GPIOA_BASE" redefined
   18 | #define GPIOA_BASE 0x40020000
      | 
../Drivers/CMSIS/Device/ST/STM32F4xx/Include/stm32f411xe.h:693: note: this is the location of the previous definition
  693 | #define GPIOA_BASE            (AHB1PERIPH_BASE + 0x0000UL)
      | 
../Core/Src/main.c:21: warning: "GPIOD_BASE" redefined
   21 | #define GPIOD_BASE 0x40020C00
      | 
../Drivers/CMSIS/Device/ST/STM32F4xx/Include/stm32f411xe.h:696: note: this is the location of the previous definition
  696 | #define GPIOD_BASE            (AHB1PERIPH_BASE + 0x0C00UL)
      | 
../Core/Src/main.c:24: warning: "RCC_BASE" redefined
   24 | #define RCC_BASE 0x40023800
      | 
../Drivers/CMSIS/Device/ST/STM32F4xx/Include/stm32f411xe.h:700: note: this is the location of the previous definition
  700 | #define RCC_BASE              (AHB1PERIPH_BASE + 0x3800UL)
      | 
../Core/Src/main.c:29: warning: "FLASH_BASE" redefined
   29 | #define FLASH_BASE 0x40023C00
      | 
../Drivers/CMSIS/Device/ST/STM32F4xx/Include/stm32f411xe.h:636: note: this is the location of the previous definition
  636 | #define FLASH_BASE            0x08000000UL /*!< FLASH(up to 1 MB) base address in the alias region                         */
      | 
../Core/Src/main.c: In function 'DMA2_Init':
../Core/Src/main.c:113:21: warning: assignment to 'uint32_t' {aka 'long unsigned int'} from 'char *' makes integer from pointer without a cast [-Wint-conversion]
  113 |         *DMA2_SM0AR = rxbuff;
      |                     ^
../Core/Src/main.c: In function 'update':
../Core/Src/main.c:217:40: warning: passing argument 1 of 'FLASH_Write' makes pointer from integer without a cast [-Wint-conversion]
  217 |                 FLASH_Write(0x08000000 + i, rxbuff[i]);
      |                             ~~~~~~~~~~~^~~
      |                                        |
      |                                        int
../Core/Src/main.c:198:64: note: expected 'uint8_t *' {aka 'unsigned char *'} but argument is of type 'int'
  198 | __attribute__((section(".RamFunc"))) void FLASH_Write(uint8_t* addr, uint8_t data) {
      |                                                       ~~~~~~~~~^~~~
arm-none-eabi-gcc -o "firmware_updater.elf" @"objects.list"   -mcpu=cortex-m4 -T"D:\Personal_projects\STM32F4_firmware_update\firmware_updater\STM32F411VETX_FLASH.ld" --specs=nosys.specs -Wl,-Map="firmware_updater.map" -Wl,--gc-sections -static --specs=nano.specs -mfpu=fpv4-sp-d16 -mfloat-abi=hard -mthumb -Wl,--start-group -lc -lm -Wl,--end-group
D:/STM32cubeIDE/STM32CubeIDE_1.18.1/STM32CubeIDE/plugins/com.st.stm32cube.ide.mcu.externaltools.gnu-tools-for-stm32.13.3.rel1.win32_1.0.0.202411081344/tools/bin/../lib/gcc/arm-none-eabi/13.3.1/../../../../arm-none-eabi/bin/ld.exe: warning: firmware_updater.elf has a LOAD segment with RWX permissions
Finished building target: firmware_updater.elf
 
arm-none-eabi-size  firmware_updater.elf 
arm-none-eabi-objdump -h -S firmware_updater.elf  > "firmware_updater.list"
arm-none-eabi-objcopy  -O binary firmware_updater.elf  "firmware_updater.bin"
   text	   data	    bss	    dec	    hex	filename
   1808	      0	   3768	   5576	   15c8	firmware_updater.elf
Finished building: default.size.stdout
 
Finished building: firmware_updater.bin
 
Finished building: firmware_updater.list
 
23:23:09 **** Incremental Build of configuration Debug for project firmware_updater ****
make -j20 all 
arm-none-eabi-gcc "../Core/Src/main.c" -mcpu=cortex-m4 -std=gnu11 -g3 -DDEBUG -DUSE_HAL_DRIVER -DSTM32F411xE -c -I../Core/Inc -I../Drivers/STM32F4xx_HAL_Driver/Inc -I../Drivers/STM32F4xx_HAL_Driver/Inc/Legacy -I../Drivers/CMSIS/Device/ST/STM32F4xx/Include -I../Drivers/CMSIS/Include -O0 -ffunction-sections -fdata-sections -Wall -fstack-usage -fcyclomatic-complexity -MMD -MP -MF"Core/Src/main.d" -MT"Core/Src/main.o" --specs=nano.specs -mfpu=fpv4-sp-d16 -mfloat-abi=hard -mthumb -o "Core/Src/main.o"
../Core/Src/main.c:4: warning: "DMA2_BASE" redefined
    4 | #define DMA2_BASE 0x40026400
      | 
In file included from ../Drivers/CMSIS/Device/ST/STM32F4xx/Include/stm32f4xx.h:154,
                 from ../Drivers/STM32F4xx_HAL_Driver/Inc/stm32f4xx_hal_def.h:29,
                 from ../Drivers/STM32F4xx_HAL_Driver/Inc/stm32f4xx_hal_rcc.h:27,
                 from ../Core/Inc/stm32f4xx_hal_conf.h:275,
                 from ../Drivers/STM32F4xx_HAL_Driver/Inc/stm32f4xx_hal.h:29,
                 from ../Core/Inc/main.h:30,
                 from ../Core/Src/main.c:1:
../Drivers/CMSIS/Device/ST/STM32F4xx/Include/stm32f411xe.h:711: note: this is the location of the previous definition
  711 | #define DMA2_BASE             (AHB1PERIPH_BASE + 0x6400UL)
      | 
../Core/Src/main.c:18: warning: "GPIOA_BASE" redefined
   18 | #define GPIOA_BASE 0x40020000
      | 
../Drivers/CMSIS/Device/ST/STM32F4xx/Include/stm32f411xe.h:693: note: this is the location of the previous definition
  693 | #define GPIOA_BASE            (AHB1PERIPH_BASE + 0x0000UL)
      | 
../Core/Src/main.c:21: warning: "GPIOD_BASE" redefined
   21 | #define GPIOD_BASE 0x40020C00
      | 
../Drivers/CMSIS/Device/ST/STM32F4xx/Include/stm32f411xe.h:696: note: this is the location of the previous definition
  696 | #define GPIOD_BASE            (AHB1PERIPH_BASE + 0x0C00UL)
      | 
../Core/Src/main.c:24: warning: "RCC_BASE" redefined
   24 | #define RCC_BASE 0x40023800
      | 
../Drivers/CMSIS/Device/ST/STM32F4xx/Include/stm32f411xe.h:700: note: this is the location of the previous definition
  700 | #define RCC_BASE              (AHB1PERIPH_BASE + 0x3800UL)
      | 
../Core/Src/main.c:29: warning: "FLASH_BASE" redefined
   29 | #define FLASH_BASE 0x40023C00
      | 
../Drivers/CMSIS/Device/ST/STM32F4xx/Include/stm32f411xe.h:636: note: this is the location of the previous definition
  636 | #define FLASH_BASE            0x08000000UL /*!< FLASH(up to 1 MB) base address in the alias region                         */
      | 
../Core/Src/main.c: In function 'DMA2_Init':
../Core/Src/main.c:115:21: warning: assignment to 'uint32_t' {aka 'long unsigned int'} from 'char *' makes integer from pointer without a cast [-Wint-conversion]
  115 |         *DMA2_SM0AR = rxbuff;
      |                     ^
../Core/Src/main.c: In function 'update':
../Core/Src/main.c:219:40: warning: passing argument 1 of 'FLASH_Write' makes pointer from integer without a cast [-Wint-conversion]
  219 |                 FLASH_Write(0x08000000 + i, rxbuff[i]);
      |                             ~~~~~~~~~~~^~~
      |                                        |
      |                                        int
../Core/Src/main.c:200:64: note: expected 'uint8_t *' {aka 'unsigned char *'} but argument is of type 'int'
  200 | __attribute__((section(".RamFunc"))) void FLASH_Write(uint8_t* addr, uint8_t data) {
      |                                                       ~~~~~~~~~^~~~
arm-none-eabi-gcc -o "firmware_updater.elf" @"objects.list"   -mcpu=cortex-m4 -T"D:\Personal_projects\STM32F4_firmware_update\firmware_updater\STM32F411VETX_FLASH.ld" --specs=nosys.specs -Wl,-Map="firmware_updater.map" -Wl,--gc-sections -static --specs=nano.specs -mfpu=fpv4-sp-d16 -mfloat-abi=hard -mthumb -Wl,--start-group -lc -lm -Wl,--end-group
D:/STM32cubeIDE/STM32CubeIDE_1.18.1/STM32CubeIDE/plugins/com.st.stm32cube.ide.mcu.externaltools.gnu-tools-for-stm32.13.3.rel1.win32_1.0.0.202411081344/tools/bin/../lib/gcc/arm-none-eabi/13.3.1/../../../../arm-none-eabi/bin/ld.exe: warning: firmware_updater.elf has a LOAD segment with RWX permissions
Finished building target: firmware_updater.elf
 
arm-none-eabi-size  firmware_updater.elf 
arm-none-eabi-objdump -h -S firmware_updater.elf  > "firmware_updater.list"
arm-none-eabi-objcopy  -O binary firmware_updater.elf  "firmware_updater.bin"
   text	   data	    bss	    dec	    hex	filename
   2056	      0	   3768	   5824	   16c0	firmware_updater.elf
Finished building: default.size.stdout
 
Finished building: firmware_updater.bin
Finished building: firmware_updater.list
 
 
23:25:53 **** Incremental Build of configuration Debug for project firmware_updater ****
make -j20 all 
arm-none-eabi-size  firmware_updater.elf 
   text	   data	    bss	    dec	    hex	filename
   2056	      0	   3768	   5824	   16c0	firmware_updater.elf
Finished building: default.size.stdout
 
23:30:54 **** Incremental Build of configuration Debug for project firmware_updater ****
make -j20 all 
arm-none-eabi-gcc "../Core/Src/main.c" -mcpu=cortex-m4 -std=gnu11 -g3 -DDEBUG -DUSE_HAL_DRIVER -DSTM32F411xE -c -I../Core/Inc -I../Drivers/STM32F4xx_HAL_Driver/Inc -I../Drivers/STM32F4xx_HAL_Driver/Inc/Legacy -I../Drivers/CMSIS/Device/ST/STM32F4xx/Include -I../Drivers/CMSIS/Include -O0 -ffunction-sections -fdata-sections -Wall -fstack-usage -fcyclomatic-complexity -MMD -MP -MF"Core/Src/main.d" -MT"Core/Src/main.o" --specs=nano.specs -mfpu=fpv4-sp-d16 -mfloat-abi=hard -mthumb -o "Core/Src/main.o"
../Core/Src/main.c:4: warning: "DMA2_BASE" redefined
    4 | #define DMA2_BASE 0x40026400
      | 
In file included from ../Drivers/CMSIS/Device/ST/STM32F4xx/Include/stm32f4xx.h:154,
                 from ../Drivers/STM32F4xx_HAL_Driver/Inc/stm32f4xx_hal_def.h:29,
                 from ../Drivers/STM32F4xx_HAL_Driver/Inc/stm32f4xx_hal_rcc.h:27,
                 from ../Core/Inc/stm32f4xx_hal_conf.h:275,
                 from ../Drivers/STM32F4xx_HAL_Driver/Inc/stm32f4xx_hal.h:29,
                 from ../Core/Inc/main.h:30,
                 from ../Core/Src/main.c:1:
../Drivers/CMSIS/Device/ST/STM32F4xx/Include/stm32f411xe.h:711: note: this is the location of the previous definition
  711 | #define DMA2_BASE             (AHB1PERIPH_BASE + 0x6400UL)
      | 
../Core/Src/main.c:18: warning: "GPIOB_BASE" redefined
   18 | #define GPIOB_BASE 0x40020400
      | 
../Drivers/CMSIS/Device/ST/STM32F4xx/Include/stm32f411xe.h:694: note: this is the location of the previous definition
  694 | #define GPIOB_BASE            (AHB1PERIPH_BASE + 0x0400UL)
      | 
../Core/Src/main.c:21: warning: "GPIOD_BASE" redefined
   21 | #define GPIOD_BASE 0x40020C00
      | 
../Drivers/CMSIS/Device/ST/STM32F4xx/Include/stm32f411xe.h:696: note: this is the location of the previous definition
  696 | #define GPIOD_BASE            (AHB1PERIPH_BASE + 0x0C00UL)
      | 
../Core/Src/main.c:24: warning: "RCC_BASE" redefined
   24 | #define RCC_BASE 0x40023800
      | 
../Drivers/CMSIS/Device/ST/STM32F4xx/Include/stm32f411xe.h:700: note: this is the location of the previous definition
  700 | #define RCC_BASE              (AHB1PERIPH_BASE + 0x3800UL)
      | 
../Core/Src/main.c:28: warning: "FLASH_BASE" redefined
   28 | #define FLASH_BASE 0x40023C00
      | 
../Drivers/CMSIS/Device/ST/STM32F4xx/Include/stm32f411xe.h:636: note: this is the location of the previous definition
  636 | #define FLASH_BASE            0x08000000UL /*!< FLASH(up to 1 MB) base address in the alias region                         */
      | 
../Core/Src/main.c: In function 'DMA2_Init':
../Core/Src/main.c:112:21: warning: assignment to 'uint32_t' {aka 'long unsigned int'} from 'char *' makes integer from pointer without a cast [-Wint-conversion]
  112 |         *DMA2_SM0AR = rxbuff;
      |                     ^
../Core/Src/main.c: In function 'update':
../Core/Src/main.c:216:40: warning: passing argument 1 of 'FLASH_Write' makes pointer from integer without a cast [-Wint-conversion]
  216 |                 FLASH_Write(0x08000000 + i, rxbuff[i]);
      |                             ~~~~~~~~~~~^~~
      |                                        |
      |                                        int
../Core/Src/main.c:197:64: note: expected 'uint8_t *' {aka 'unsigned char *'} but argument is of type 'int'
  197 | __attribute__((section(".RamFunc"))) void FLASH_Write(uint8_t* addr, uint8_t data) {
      |                                                       ~~~~~~~~~^~~~
arm-none-eabi-gcc -o "firmware_updater.elf" @"objects.list"   -mcpu=cortex-m4 -T"D:\Personal_projects\STM32F4_firmware_update\firmware_updater\STM32F411VETX_FLASH.ld" --specs=nosys.specs -Wl,-Map="firmware_updater.map" -Wl,--gc-sections -static --specs=nano.specs -mfpu=fpv4-sp-d16 -mfloat-abi=hard -mthumb -Wl,--start-group -lc -lm -Wl,--end-group
D:/STM32cubeIDE/STM32CubeIDE_1.18.1/STM32CubeIDE/plugins/com.st.stm32cube.ide.mcu.externaltools.gnu-tools-for-stm32.13.3.rel1.win32_1.0.0.202411081344/tools/bin/../lib/gcc/arm-none-eabi/13.3.1/../../../../arm-none-eabi/bin/ld.exe: warning: firmware_updater.elf has a LOAD segment with RWX permissions
Finished building target: firmware_updater.elf
 
arm-none-eabi-size  firmware_updater.elf 
arm-none-eabi-objdump -h -S firmware_updater.elf  > "firmware_updater.list"
arm-none-eabi-objcopy  -O binary firmware_updater.elf  "firmware_updater.bin"
   text	   data	    bss	    dec	    hex	filename
   1808	      0	   3768	   5576	   15c8	firmware_updater.elf
Finished building: default.size.stdout
 
Finished building: firmware_updater.bin
Finished building: firmware_updater.list
 
 
23:31:55 **** Incremental Build of configuration Debug for project firmware_updater ****
make -j20 all 
arm-none-eabi-gcc "../Core/Src/main.c" -mcpu=cortex-m4 -std=gnu11 -g3 -DDEBUG -DUSE_HAL_DRIVER -DSTM32F411xE -c -I../Core/Inc -I../Drivers/STM32F4xx_HAL_Driver/Inc -I../Drivers/STM32F4xx_HAL_Driver/Inc/Legacy -I../Drivers/CMSIS/Device/ST/STM32F4xx/Include -I../Drivers/CMSIS/Include -O0 -ffunction-sections -fdata-sections -Wall -fstack-usage -fcyclomatic-complexity -MMD -MP -MF"Core/Src/main.d" -MT"Core/Src/main.o" --specs=nano.specs -mfpu=fpv4-sp-d16 -mfloat-abi=hard -mthumb -o "Core/Src/main.o"
../Core/Src/main.c:4: warning: "DMA2_BASE" redefined
    4 | #define DMA2_BASE 0x40026400
      | 
In file included from ../Drivers/CMSIS/Device/ST/STM32F4xx/Include/stm32f4xx.h:154,
                 from ../Drivers/STM32F4xx_HAL_Driver/Inc/stm32f4xx_hal_def.h:29,
                 from ../Drivers/STM32F4xx_HAL_Driver/Inc/stm32f4xx_hal_rcc.h:27,
                 from ../Core/Inc/stm32f4xx_hal_conf.h:275,
                 from ../Drivers/STM32F4xx_HAL_Driver/Inc/stm32f4xx_hal.h:29,
                 from ../Core/Inc/main.h:30,
                 from ../Core/Src/main.c:1:
../Drivers/CMSIS/Device/ST/STM32F4xx/Include/stm32f411xe.h:711: note: this is the location of the previous definition
  711 | #define DMA2_BASE             (AHB1PERIPH_BASE + 0x6400UL)
      | 
../Core/Src/main.c:18: warning: "GPIOB_BASE" redefined
   18 | #define GPIOB_BASE 0x40020400
      | 
../Drivers/CMSIS/Device/ST/STM32F4xx/Include/stm32f411xe.h:694: note: this is the location of the previous definition
  694 | #define GPIOB_BASE            (AHB1PERIPH_BASE + 0x0400UL)
      | 
../Core/Src/main.c:21: warning: "GPIOD_BASE" redefined
   21 | #define GPIOD_BASE 0x40020C00
      | 
../Drivers/CMSIS/Device/ST/STM32F4xx/Include/stm32f411xe.h:696: note: this is the location of the previous definition
  696 | #define GPIOD_BASE            (AHB1PERIPH_BASE + 0x0C00UL)
      | 
../Core/Src/main.c:24: warning: "RCC_BASE" redefined
   24 | #define RCC_BASE 0x40023800
      | 
../Drivers/CMSIS/Device/ST/STM32F4xx/Include/stm32f411xe.h:700: note: this is the location of the previous definition
  700 | #define RCC_BASE              (AHB1PERIPH_BASE + 0x3800UL)
      | 
../Core/Src/main.c:28: warning: "FLASH_BASE" redefined
   28 | #define FLASH_BASE 0x40023C00
      | 
../Drivers/CMSIS/Device/ST/STM32F4xx/Include/stm32f411xe.h:636: note: this is the location of the previous definition
  636 | #define FLASH_BASE            0x08000000UL /*!< FLASH(up to 1 MB) base address in the alias region                         */
      | 
../Core/Src/main.c: In function 'DMA2_Init':
../Core/Src/main.c:114:21: warning: assignment to 'uint32_t' {aka 'long unsigned int'} from 'char *' makes integer from pointer without a cast [-Wint-conversion]
  114 |         *DMA2_SM0AR = rxbuff;
      |                     ^
../Core/Src/main.c: In function 'update':
../Core/Src/main.c:218:40: warning: passing argument 1 of 'FLASH_Write' makes pointer from integer without a cast [-Wint-conversion]
  218 |                 FLASH_Write(0x08000000 + i, rxbuff[i]);
      |                             ~~~~~~~~~~~^~~
      |                                        |
      |                                        int
../Core/Src/main.c:199:64: note: expected 'uint8_t *' {aka 'unsigned char *'} but argument is of type 'int'
  199 | __attribute__((section(".RamFunc"))) void FLASH_Write(uint8_t* addr, uint8_t data) {
      |                                                       ~~~~~~~~~^~~~
arm-none-eabi-gcc -o "firmware_updater.elf" @"objects.list"   -mcpu=cortex-m4 -T"D:\Personal_projects\STM32F4_firmware_update\firmware_updater\STM32F411VETX_FLASH.ld" --specs=nosys.specs -Wl,-Map="firmware_updater.map" -Wl,--gc-sections -static --specs=nano.specs -mfpu=fpv4-sp-d16 -mfloat-abi=hard -mthumb -Wl,--start-group -lc -lm -Wl,--end-group
D:/STM32cubeIDE/STM32CubeIDE_1.18.1/STM32CubeIDE/plugins/com.st.stm32cube.ide.mcu.externaltools.gnu-tools-for-stm32.13.3.rel1.win32_1.0.0.202411081344/tools/bin/../lib/gcc/arm-none-eabi/13.3.1/../../../../arm-none-eabi/bin/ld.exe: warning: firmware_updater.elf has a LOAD segment with RWX permissions
Finished building target: firmware_updater.elf
 
arm-none-eabi-size  firmware_updater.elf 
arm-none-eabi-objdump -h -S firmware_updater.elf  > "firmware_updater.list"
arm-none-eabi-objcopy  -O binary firmware_updater.elf  "firmware_updater.bin"
   text	   data	    bss	    dec	    hex	filename
   2056	      0	   3768	   5824	   16c0	firmware_updater.elf
Finished building: default.size.stdout
 
Finished building: firmware_updater.bin
Finished building: firmware_updater.list
 
 
23:35:09 **** Incremental Build of configuration Debug for project firmware_updater ****
make -j20 all 
arm-none-eabi-gcc "../Core/Src/main.c" -mcpu=cortex-m4 -std=gnu11 -g3 -DDEBUG -DUSE_HAL_DRIVER -DSTM32F411xE -c -I../Core/Inc -I../Drivers/STM32F4xx_HAL_Driver/Inc -I../Drivers/STM32F4xx_HAL_Driver/Inc/Legacy -I../Drivers/CMSIS/Device/ST/STM32F4xx/Include -I../Drivers/CMSIS/Include -O0 -ffunction-sections -fdata-sections -Wall -fstack-usage -fcyclomatic-complexity -MMD -MP -MF"Core/Src/main.d" -MT"Core/Src/main.o" --specs=nano.specs -mfpu=fpv4-sp-d16 -mfloat-abi=hard -mthumb -o "Core/Src/main.o"
../Core/Src/main.c:4: warning: "DMA2_BASE" redefined
    4 | #define DMA2_BASE 0x40026400
      | 
In file included from ../Drivers/CMSIS/Device/ST/STM32F4xx/Include/stm32f4xx.h:154,
                 from ../Drivers/STM32F4xx_HAL_Driver/Inc/stm32f4xx_hal_def.h:29,
                 from ../Drivers/STM32F4xx_HAL_Driver/Inc/stm32f4xx_hal_rcc.h:27,
                 from ../Core/Inc/stm32f4xx_hal_conf.h:275,
                 from ../Drivers/STM32F4xx_HAL_Driver/Inc/stm32f4xx_hal.h:29,
                 from ../Core/Inc/main.h:30,
                 from ../Core/Src/main.c:1:
../Drivers/CMSIS/Device/ST/STM32F4xx/Include/stm32f411xe.h:711: note: this is the location of the previous definition
  711 | #define DMA2_BASE             (AHB1PERIPH_BASE + 0x6400UL)
      | 
../Core/Src/main.c:18: warning: "GPIOB_BASE" redefined
   18 | #define GPIOB_BASE 0x40020400
      | 
../Drivers/CMSIS/Device/ST/STM32F4xx/Include/stm32f411xe.h:694: note: this is the location of the previous definition
  694 | #define GPIOB_BASE            (AHB1PERIPH_BASE + 0x0400UL)
      | 
../Core/Src/main.c:21: warning: "GPIOD_BASE" redefined
   21 | #define GPIOD_BASE 0x40020C00
      | 
../Drivers/CMSIS/Device/ST/STM32F4xx/Include/stm32f411xe.h:696: note: this is the location of the previous definition
  696 | #define GPIOD_BASE            (AHB1PERIPH_BASE + 0x0C00UL)
      | 
../Core/Src/main.c:24: warning: "RCC_BASE" redefined
   24 | #define RCC_BASE 0x40023800
      | 
../Drivers/CMSIS/Device/ST/STM32F4xx/Include/stm32f411xe.h:700: note: this is the location of the previous definition
  700 | #define RCC_BASE              (AHB1PERIPH_BASE + 0x3800UL)
      | 
../Core/Src/main.c:28: warning: "FLASH_BASE" redefined
   28 | #define FLASH_BASE 0x40023C00
      | 
../Drivers/CMSIS/Device/ST/STM32F4xx/Include/stm32f411xe.h:636: note: this is the location of the previous definition
  636 | #define FLASH_BASE            0x08000000UL /*!< FLASH(up to 1 MB) base address in the alias region                         */
      | 
../Core/Src/main.c: In function 'DMA2_Init':
../Core/Src/main.c:112:21: warning: assignment to 'uint32_t' {aka 'long unsigned int'} from 'char *' makes integer from pointer without a cast [-Wint-conversion]
  112 |         *DMA2_SM0AR = rxbuff;
      |                     ^
../Core/Src/main.c: In function 'update':
../Core/Src/main.c:216:40: warning: passing argument 1 of 'FLASH_Write' makes pointer from integer without a cast [-Wint-conversion]
  216 |                 FLASH_Write(0x08000000 + i, rxbuff[i]);
      |                             ~~~~~~~~~~~^~~
      |                                        |
      |                                        int
../Core/Src/main.c:197:64: note: expected 'uint8_t *' {aka 'unsigned char *'} but argument is of type 'int'
  197 | __attribute__((section(".RamFunc"))) void FLASH_Write(uint8_t* addr, uint8_t data) {
      |                                                       ~~~~~~~~~^~~~
arm-none-eabi-gcc -o "firmware_updater.elf" @"objects.list"   -mcpu=cortex-m4 -T"D:\Personal_projects\STM32F4_firmware_update\firmware_updater\STM32F411VETX_FLASH.ld" --specs=nosys.specs -Wl,-Map="firmware_updater.map" -Wl,--gc-sections -static --specs=nano.specs -mfpu=fpv4-sp-d16 -mfloat-abi=hard -mthumb -Wl,--start-group -lc -lm -Wl,--end-group
D:/STM32cubeIDE/STM32CubeIDE_1.18.1/STM32CubeIDE/plugins/com.st.stm32cube.ide.mcu.externaltools.gnu-tools-for-stm32.13.3.rel1.win32_1.0.0.202411081344/tools/bin/../lib/gcc/arm-none-eabi/13.3.1/../../../../arm-none-eabi/bin/ld.exe: warning: firmware_updater.elf has a LOAD segment with RWX permissions
Finished building target: firmware_updater.elf
 
arm-none-eabi-size  firmware_updater.elf 
arm-none-eabi-objdump -h -S firmware_updater.elf  > "firmware_updater.list"
arm-none-eabi-objcopy  -O binary firmware_updater.elf  "firmware_updater.bin"
   text	   data	    bss	    dec	    hex	filename
   1808	      0	   3768	   5576	   15c8	firmware_updater.elf
Finished building: default.size.stdout
 
Finished building: firmware_updater.bin
Finished building: firmware_updater.list
 
 
23:39:03 **** Build of configuration Debug for project app01_simultaneous_LEDs ****
make -j20 all 
arm-none-eabi-size  app01_simultaneous_LEDs.elf 
   text	   data	    bss	    dec	    hex	filename
   2192	      0	   2600	   4792	   12b8	app01_simultaneous_LEDs.elf
Finished building: default.size.stdout
 
23:44:42 **** Incremental Build of configuration Debug for project firmware_updater ****
make -j20 all 
arm-none-eabi-gcc "../Core/Src/main.c" -mcpu=cortex-m4 -std=gnu11 -g3 -DDEBUG -DUSE_HAL_DRIVER -DSTM32F411xE -c -I../Core/Inc -I../Drivers/STM32F4xx_HAL_Driver/Inc -I../Drivers/STM32F4xx_HAL_Driver/Inc/Legacy -I../Drivers/CMSIS/Device/ST/STM32F4xx/Include -I../Drivers/CMSIS/Include -O0 -ffunction-sections -fdata-sections -Wall -fstack-usage -fcyclomatic-complexity -MMD -MP -MF"Core/Src/main.d" -MT"Core/Src/main.o" --specs=nano.specs -mfpu=fpv4-sp-d16 -mfloat-abi=hard -mthumb -o "Core/Src/main.o"
../Core/Src/main.c:4: warning: "DMA2_BASE" redefined
    4 | #define DMA2_BASE 0x40026400
      | 
In file included from ../Drivers/CMSIS/Device/ST/STM32F4xx/Include/stm32f4xx.h:154,
                 from ../Drivers/STM32F4xx_HAL_Driver/Inc/stm32f4xx_hal_def.h:29,
                 from ../Drivers/STM32F4xx_HAL_Driver/Inc/stm32f4xx_hal_rcc.h:27,
                 from ../Core/Inc/stm32f4xx_hal_conf.h:275,
                 from ../Drivers/STM32F4xx_HAL_Driver/Inc/stm32f4xx_hal.h:29,
                 from ../Core/Inc/main.h:30,
                 from ../Core/Src/main.c:1:
../Drivers/CMSIS/Device/ST/STM32F4xx/Include/stm32f411xe.h:711: note: this is the location of the previous definition
  711 | #define DMA2_BASE             (AHB1PERIPH_BASE + 0x6400UL)
      | 
../Core/Src/main.c:18: warning: "GPIOA_BASE" redefined
   18 | #define GPIOA_BASE 0x40020000
      | 
../Drivers/CMSIS/Device/ST/STM32F4xx/Include/stm32f411xe.h:693: note: this is the location of the previous definition
  693 | #define GPIOA_BASE            (AHB1PERIPH_BASE + 0x0000UL)
      | 
../Core/Src/main.c:22: warning: "RCC_BASE" redefined
   22 | #define RCC_BASE 0x40023800
      | 
../Drivers/CMSIS/Device/ST/STM32F4xx/Include/stm32f411xe.h:700: note: this is the location of the previous definition
  700 | #define RCC_BASE              (AHB1PERIPH_BASE + 0x3800UL)
      | 
../Core/Src/main.c:27: warning: "FLASH_BASE" redefined
   27 | #define FLASH_BASE 0x40023C00
      | 
../Drivers/CMSIS/Device/ST/STM32F4xx/Include/stm32f411xe.h:636: note: this is the location of the previous definition
  636 | #define FLASH_BASE            0x08000000UL /*!< FLASH(up to 1 MB) base address in the alias region                         */
      | 
../Core/Src/main.c: In function 'DMA2_Init':
../Core/Src/main.c:96:21: warning: assignment to 'uint32_t' {aka 'long unsigned int'} from 'char *' makes integer from pointer without a cast [-Wint-conversion]
   96 |         *DMA2_SM0AR = rxbuff;
      |                     ^
../Core/Src/main.c: In function 'update':
../Core/Src/main.c:200:40: warning: passing argument 1 of 'FLASH_Write' makes pointer from integer without a cast [-Wint-conversion]
  200 |                 FLASH_Write(0x08000000 + i, rxbuff[i]);
      |                             ~~~~~~~~~~~^~~
      |                                        |
      |                                        int
../Core/Src/main.c:181:64: note: expected 'uint8_t *' {aka 'unsigned char *'} but argument is of type 'int'
  181 | __attribute__((section(".RamFunc"))) void FLASH_Write(uint8_t* addr, uint8_t data) {
      |                                                       ~~~~~~~~~^~~~
arm-none-eabi-gcc -o "firmware_updater.elf" @"objects.list"   -mcpu=cortex-m4 -T"D:\Personal_projects\STM32F4_firmware_update\firmware_updater\STM32F411VETX_FLASH.ld" --specs=nosys.specs -Wl,-Map="firmware_updater.map" -Wl,--gc-sections -static --specs=nano.specs -mfpu=fpv4-sp-d16 -mfloat-abi=hard -mthumb -Wl,--start-group -lc -lm -Wl,--end-group
D:/STM32cubeIDE/STM32CubeIDE_1.18.1/STM32CubeIDE/plugins/com.st.stm32cube.ide.mcu.externaltools.gnu-tools-for-stm32.13.3.rel1.win32_1.0.0.202411081344/tools/bin/../lib/gcc/arm-none-eabi/13.3.1/../../../../arm-none-eabi/bin/ld.exe: warning: firmware_updater.elf has a LOAD segment with RWX permissions
Finished building target: firmware_updater.elf
 
arm-none-eabi-size  firmware_updater.elf 
arm-none-eabi-objdump -h -S firmware_updater.elf  > "firmware_updater.list"
arm-none-eabi-objcopy  -O binary firmware_updater.elf  "firmware_updater.bin"
   text	   data	    bss	    dec	    hex	filename
   1808	      0	   3768	   5576	   15c8	firmware_updater.elf
Finished building: default.size.stdout
 
Finished building: firmware_updater.bin
Finished building: firmware_updater.list
 
 
23:46:31 **** Incremental Build of configuration Debug for project firmware_updater ****
make -j20 all 
arm-none-eabi-size  firmware_updater.elf 
   text	   data	    bss	    dec	    hex	filename
   1808	      0	   3768	   5576	   15c8	firmware_updater.elf
Finished building: default.size.stdout
 
23:47:24 **** Incremental Build of configuration Debug for project app01_simultaneous_LEDs ****
make -j20 all 
arm-none-eabi-size  app01_simultaneous_LEDs.elf 
   text	   data	    bss	    dec	    hex	filename
   2192	      0	   2600	   4792	   12b8	app01_simultaneous_LEDs.elf
Finished building: default.size.stdout
 
23:49:16 **** Incremental Build of configuration Debug for project firmware_updater ****
make -j20 all 
arm-none-eabi-size  firmware_updater.elf 
   text	   data	    bss	    dec	    hex	filename
   1808	      0	   3768	   5576	   15c8	firmware_updater.elf
Finished building: default.size.stdout
 
23:50:29 **** Incremental Build of configuration Debug for project firmware_updater ****
make -j20 all 
arm-none-eabi-gcc "../Core/Src/main.c" -mcpu=cortex-m4 -std=gnu11 -g3 -DDEBUG -DUSE_HAL_DRIVER -DSTM32F411xE -c -I../Core/Inc -I../Drivers/STM32F4xx_HAL_Driver/Inc -I../Drivers/STM32F4xx_HAL_Driver/Inc/Legacy -I../Drivers/CMSIS/Device/ST/STM32F4xx/Include -I../Drivers/CMSIS/Include -O0 -ffunction-sections -fdata-sections -Wall -fstack-usage -fcyclomatic-complexity -MMD -MP -MF"Core/Src/main.d" -MT"Core/Src/main.o" --specs=nano.specs -mfpu=fpv4-sp-d16 -mfloat-abi=hard -mthumb -o "Core/Src/main.o"
../Core/Src/main.c:4: warning: "DMA2_BASE" redefined
    4 | #define DMA2_BASE 0x40026400
      | 
In file included from ../Drivers/CMSIS/Device/ST/STM32F4xx/Include/stm32f4xx.h:154,
                 from ../Drivers/STM32F4xx_HAL_Driver/Inc/stm32f4xx_hal_def.h:29,
                 from ../Drivers/STM32F4xx_HAL_Driver/Inc/stm32f4xx_hal_rcc.h:27,
                 from ../Core/Inc/stm32f4xx_hal_conf.h:275,
                 from ../Drivers/STM32F4xx_HAL_Driver/Inc/stm32f4xx_hal.h:29,
                 from ../Core/Inc/main.h:30,
                 from ../Core/Src/main.c:1:
../Drivers/CMSIS/Device/ST/STM32F4xx/Include/stm32f411xe.h:711: note: this is the location of the previous definition
  711 | #define DMA2_BASE             (AHB1PERIPH_BASE + 0x6400UL)
      | 
../Core/Src/main.c:18: warning: "GPIOA_BASE" redefined
   18 | #define GPIOA_BASE 0x40020000
      | 
../Drivers/CMSIS/Device/ST/STM32F4xx/Include/stm32f411xe.h:693: note: this is the location of the previous definition
  693 | #define GPIOA_BASE            (AHB1PERIPH_BASE + 0x0000UL)
      | 
../Core/Src/main.c:22: warning: "RCC_BASE" redefined
   22 | #define RCC_BASE 0x40023800
      | 
../Drivers/CMSIS/Device/ST/STM32F4xx/Include/stm32f411xe.h:700: note: this is the location of the previous definition
  700 | #define RCC_BASE              (AHB1PERIPH_BASE + 0x3800UL)
      | 
../Core/Src/main.c:27: warning: "FLASH_BASE" redefined
   27 | #define FLASH_BASE 0x40023C00
      | 
../Drivers/CMSIS/Device/ST/STM32F4xx/Include/stm32f411xe.h:636: note: this is the location of the previous definition
  636 | #define FLASH_BASE            0x08000000UL /*!< FLASH(up to 1 MB) base address in the alias region                         */
      | 
../Core/Src/main.c: In function 'DMA2_Init':
../Core/Src/main.c:96:21: warning: assignment to 'uint32_t' {aka 'long unsigned int'} from 'char *' makes integer from pointer without a cast [-Wint-conversion]
   96 |         *DMA2_SM0AR = rxbuff;
      |                     ^
../Core/Src/main.c: In function 'update':
../Core/Src/main.c:200:40: warning: passing argument 1 of 'FLASH_Write' makes pointer from integer without a cast [-Wint-conversion]
  200 |                 FLASH_Write(0x08000000 + i, rxbuff[i]);
      |                             ~~~~~~~~~~~^~~
      |                                        |
      |                                        int
../Core/Src/main.c:181:64: note: expected 'uint8_t *' {aka 'unsigned char *'} but argument is of type 'int'
  181 | __attribute__((section(".RamFunc"))) void FLASH_Write(uint8_t* addr, uint8_t data) {
      |                                                       ~~~~~~~~~^~~~
arm-none-eabi-gcc -o "firmware_updater.elf" @"objects.list"   -mcpu=cortex-m4 -T"D:\Personal_projects\STM32F4_firmware_update\firmware_updater\STM32F411VETX_FLASH.ld" --specs=nosys.specs -Wl,-Map="firmware_updater.map" -Wl,--gc-sections -static --specs=nano.specs -mfpu=fpv4-sp-d16 -mfloat-abi=hard -mthumb -Wl,--start-group -lc -lm -Wl,--end-group
D:/STM32cubeIDE/STM32CubeIDE_1.18.1/STM32CubeIDE/plugins/com.st.stm32cube.ide.mcu.externaltools.gnu-tools-for-stm32.13.3.rel1.win32_1.0.0.202411081344/tools/bin/../lib/gcc/arm-none-eabi/13.3.1/../../../../arm-none-eabi/bin/ld.exe: warning: firmware_updater.elf has a LOAD segment with RWX permissions
Finished building target: firmware_updater.elf
 
arm-none-eabi-size  firmware_updater.elf 
arm-none-eabi-objdump -h -S firmware_updater.elf  > "firmware_updater.list"
arm-none-eabi-objcopy  -O binary firmware_updater.elf  "firmware_updater.bin"
   text	   data	    bss	    dec	    hex	filename
   1812	      0	  19860	  21672	   54a8	firmware_updater.elf
Finished building: default.size.stdout
 
Finished building: firmware_updater.bin
Finished building: firmware_updater.list
 
 
23:51:56 **** Build of configuration Debug for project app02_ADC_UART ****
make -j20 all 
arm-none-eabi-size  app02_ADC_UART.elf 
   text	   data	    bss	    dec	    hex	filename
  18276	      0	   2912	  21188	   52c4	app02_ADC_UART.elf
Finished building: default.size.stdout
 
23:53:41 **** Incremental Build of configuration Debug for project app01_simultaneous_LEDs ****
make -j20 all 
arm-none-eabi-gcc "../Core/Src/main.c" -mcpu=cortex-m4 -std=gnu11 -g3 -DDEBUG -DUSE_HAL_DRIVER -DSTM32F411xE -c -I../Core/Inc -I../Drivers/STM32F4xx_HAL_Driver/Inc -I../Drivers/STM32F4xx_HAL_Driver/Inc/Legacy -I../Drivers/CMSIS/Device/ST/STM32F4xx/Include -I../Drivers/CMSIS/Include -O0 -ffunction-sections -fdata-sections -Wall -fstack-usage -fcyclomatic-complexity -MMD -MP -MF"Core/Src/main.d" -MT"Core/Src/main.o" --specs=nano.specs -mfpu=fpv4-sp-d16 -mfloat-abi=hard -mthumb -o "Core/Src/main.o"
../Core/Src/main.c:3: warning: "DMA2_BASE" redefined
    3 | #define DMA2_BASE 0x40026400
      | 
In file included from ../Drivers/CMSIS/Device/ST/STM32F4xx/Include/stm32f4xx.h:154,
                 from ../Drivers/STM32F4xx_HAL_Driver/Inc/stm32f4xx_hal_def.h:29,
                 from ../Drivers/STM32F4xx_HAL_Driver/Inc/stm32f4xx_hal_rcc.h:27,
                 from ../Core/Inc/stm32f4xx_hal_conf.h:275,
                 from ../Drivers/STM32F4xx_HAL_Driver/Inc/stm32f4xx_hal.h:29,
                 from ../Core/Inc/main.h:30,
                 from ../Core/Src/main.c:1:
../Drivers/CMSIS/Device/ST/STM32F4xx/Include/stm32f411xe.h:711: note: this is the location of the previous definition
  711 | #define DMA2_BASE             (AHB1PERIPH_BASE + 0x6400UL)
      | 
../Core/Src/main.c:17: warning: "GPIOA_BASE" redefined
   17 | #define GPIOA_BASE 0x40020000
      | 
../Drivers/CMSIS/Device/ST/STM32F4xx/Include/stm32f411xe.h:693: note: this is the location of the previous definition
  693 | #define GPIOA_BASE            (AHB1PERIPH_BASE + 0x0000UL)
      | 
../Core/Src/main.c:20: warning: "GPIOD_BASE" redefined
   20 | #define GPIOD_BASE 0x40020C00
      | 
../Drivers/CMSIS/Device/ST/STM32F4xx/Include/stm32f411xe.h:696: note: this is the location of the previous definition
  696 | #define GPIOD_BASE            (AHB1PERIPH_BASE + 0x0C00UL)
      | 
../Core/Src/main.c:23: warning: "RCC_BASE" redefined
   23 | #define RCC_BASE 0x40023800
      | 
../Drivers/CMSIS/Device/ST/STM32F4xx/Include/stm32f411xe.h:700: note: this is the location of the previous definition
  700 | #define RCC_BASE              (AHB1PERIPH_BASE + 0x3800UL)
      | 
../Core/Src/main.c:28: warning: "FLASH_BASE" redefined
   28 | #define FLASH_BASE 0x40023C00
      | 
../Drivers/CMSIS/Device/ST/STM32F4xx/Include/stm32f411xe.h:636: note: this is the location of the previous definition
  636 | #define FLASH_BASE            0x08000000UL /*!< FLASH(up to 1 MB) base address in the alias region                         */
      | 
../Core/Src/main.c: In function 'DMA2_Init':
../Core/Src/main.c:148:21: warning: assignment to 'uint32_t' {aka 'long unsigned int'} from 'char *' makes integer from pointer without a cast [-Wint-conversion]
  148 |         *DMA2_SM0AR = rxbuff;
      |                     ^
../Core/Src/main.c: In function 'update':
../Core/Src/main.c:245:40: warning: passing argument 1 of 'FLASH_Write' makes pointer from integer without a cast [-Wint-conversion]
  245 |                 FLASH_Write(0x08000000 + i, rxbuff[i]);
      |                             ~~~~~~~~~~~^~~
      |                                        |
      |                                        int
../Core/Src/main.c:226:64: note: expected 'uint8_t *' {aka 'unsigned char *'} but argument is of type 'int'
  226 | __attribute__((section(".RamFunc"))) void FLASH_Write(uint8_t* addr, uint8_t data) {
      |                                                       ~~~~~~~~~^~~~
arm-none-eabi-gcc -o "app01_simultaneous_LEDs.elf" @"objects.list"   -mcpu=cortex-m4 -T"D:\Personal_projects\STM32F4_firmware_update\app01_simultaneous_LEDs\STM32F411VETX_FLASH.ld" --specs=nosys.specs -Wl,-Map="app01_simultaneous_LEDs.map" -Wl,--gc-sections -static --specs=nano.specs -mfpu=fpv4-sp-d16 -mfloat-abi=hard -mthumb -Wl,--start-group -lc -lm -Wl,--end-group
D:/STM32cubeIDE/STM32CubeIDE_1.18.1/STM32CubeIDE/plugins/com.st.stm32cube.ide.mcu.externaltools.gnu-tools-for-stm32.13.3.rel1.win32_1.0.0.202411081344/tools/bin/../lib/gcc/arm-none-eabi/13.3.1/../../../../arm-none-eabi/bin/ld.exe: warning: app01_simultaneous_LEDs.elf has a LOAD segment with RWX permissions
Finished building target: app01_simultaneous_LEDs.elf
 
arm-none-eabi-size  app01_simultaneous_LEDs.elf 
arm-none-eabi-objdump -h -S app01_simultaneous_LEDs.elf  > "app01_simultaneous_LEDs.list"
arm-none-eabi-objcopy  -O binary app01_simultaneous_LEDs.elf  "app01_simultaneous_LEDs.bin"
   text	   data	    bss	    dec	    hex	filename
   2104	      0	   2592	   4696	   1258	app01_simultaneous_LEDs.elf
Finished building: default.size.stdout
 
Finished building: app01_simultaneous_LEDs.bin
 
Finished building: app01_simultaneous_LEDs.list
 
23:54:51 **** Incremental Build of configuration Debug for project firmware_updater ****
make -j20 all 
arm-none-eabi-size  firmware_updater.elf 
   text	   data	    bss	    dec	    hex	filename
   1812	      0	  19860	  21672	   54a8	firmware_updater.elf
Finished building: default.size.stdout
 
23:56:17 **** Incremental Build of configuration Debug for project firmware_updater ****
make -j20 all 
arm-none-eabi-gcc "../Core/Src/main.c" -mcpu=cortex-m4 -std=gnu11 -g3 -DDEBUG -DUSE_HAL_DRIVER -DSTM32F411xE -c -I../Core/Inc -I../Drivers/STM32F4xx_HAL_Driver/Inc -I../Drivers/STM32F4xx_HAL_Driver/Inc/Legacy -I../Drivers/CMSIS/Device/ST/STM32F4xx/Include -I../Drivers/CMSIS/Include -O0 -ffunction-sections -fdata-sections -Wall -fstack-usage -fcyclomatic-complexity -MMD -MP -MF"Core/Src/main.d" -MT"Core/Src/main.o" --specs=nano.specs -mfpu=fpv4-sp-d16 -mfloat-abi=hard -mthumb -o "Core/Src/main.o"
../Core/Src/main.c:4: warning: "DMA2_BASE" redefined
    4 | #define DMA2_BASE 0x40026400
      | 
In file included from ../Drivers/CMSIS/Device/ST/STM32F4xx/Include/stm32f4xx.h:154,
                 from ../Drivers/STM32F4xx_HAL_Driver/Inc/stm32f4xx_hal_def.h:29,
                 from ../Drivers/STM32F4xx_HAL_Driver/Inc/stm32f4xx_hal_rcc.h:27,
                 from ../Core/Inc/stm32f4xx_hal_conf.h:275,
                 from ../Drivers/STM32F4xx_HAL_Driver/Inc/stm32f4xx_hal.h:29,
                 from ../Core/Inc/main.h:30,
                 from ../Core/Src/main.c:1:
../Drivers/CMSIS/Device/ST/STM32F4xx/Include/stm32f411xe.h:711: note: this is the location of the previous definition
  711 | #define DMA2_BASE             (AHB1PERIPH_BASE + 0x6400UL)
      | 
../Core/Src/main.c:18: warning: "GPIOA_BASE" redefined
   18 | #define GPIOA_BASE 0x40020000
      | 
../Drivers/CMSIS/Device/ST/STM32F4xx/Include/stm32f411xe.h:693: note: this is the location of the previous definition
  693 | #define GPIOA_BASE            (AHB1PERIPH_BASE + 0x0000UL)
      | 
../Core/Src/main.c:22: warning: "RCC_BASE" redefined
   22 | #define RCC_BASE 0x40023800
      | 
../Drivers/CMSIS/Device/ST/STM32F4xx/Include/stm32f411xe.h:700: note: this is the location of the previous definition
  700 | #define RCC_BASE              (AHB1PERIPH_BASE + 0x3800UL)
      | 
../Core/Src/main.c:27: warning: "FLASH_BASE" redefined
   27 | #define FLASH_BASE 0x40023C00
      | 
../Drivers/CMSIS/Device/ST/STM32F4xx/Include/stm32f411xe.h:636: note: this is the location of the previous definition
  636 | #define FLASH_BASE            0x08000000UL /*!< FLASH(up to 1 MB) base address in the alias region                         */
      | 
../Core/Src/main.c: In function 'DMA2_Init':
../Core/Src/main.c:96:21: warning: assignment to 'uint32_t' {aka 'long unsigned int'} from 'char *' makes integer from pointer without a cast [-Wint-conversion]
   96 |         *DMA2_SM0AR = rxbuff;
      |                     ^
../Core/Src/main.c: In function 'update':
../Core/Src/main.c:200:40: warning: passing argument 1 of 'FLASH_Write' makes pointer from integer without a cast [-Wint-conversion]
  200 |                 FLASH_Write(0x08000000 + i, rxbuff[i]);
      |                             ~~~~~~~~~~~^~~
      |                                        |
      |                                        int
../Core/Src/main.c:181:64: note: expected 'uint8_t *' {aka 'unsigned char *'} but argument is of type 'int'
  181 | __attribute__((section(".RamFunc"))) void FLASH_Write(uint8_t* addr, uint8_t data) {
      |                                                       ~~~~~~~~~^~~~
arm-none-eabi-gcc -o "firmware_updater.elf" @"objects.list"   -mcpu=cortex-m4 -T"D:\Personal_projects\STM32F4_firmware_update\firmware_updater\STM32F411VETX_FLASH.ld" --specs=nosys.specs -Wl,-Map="firmware_updater.map" -Wl,--gc-sections -static --specs=nano.specs -mfpu=fpv4-sp-d16 -mfloat-abi=hard -mthumb -Wl,--start-group -lc -lm -Wl,--end-group
D:/STM32cubeIDE/STM32CubeIDE_1.18.1/STM32CubeIDE/plugins/com.st.stm32cube.ide.mcu.externaltools.gnu-tools-for-stm32.13.3.rel1.win32_1.0.0.202411081344/tools/bin/../lib/gcc/arm-none-eabi/13.3.1/../../../../arm-none-eabi/bin/ld.exe: warning: firmware_updater.elf has a LOAD segment with RWX permissions
Finished building target: firmware_updater.elf
 
arm-none-eabi-size  firmware_updater.elf 
arm-none-eabi-objdump -h -S firmware_updater.elf  > "firmware_updater.list"
arm-none-eabi-objcopy  -O binary firmware_updater.elf  "firmware_updater.bin"
   text	   data	    bss	    dec	    hex	filename
   1812	      0	   3684	   5496	   1578	firmware_updater.elf
Finished building: default.size.stdout
 
Finished building: firmware_updater.bin
Finished building: firmware_updater.list
 
 
23:57:51 **** Incremental Build of configuration Debug for project firmware_updater ****
make -j20 all 
arm-none-eabi-gcc "../Core/Src/main.c" -mcpu=cortex-m4 -std=gnu11 -g3 -DDEBUG -DUSE_HAL_DRIVER -DSTM32F411xE -c -I../Core/Inc -I../Drivers/STM32F4xx_HAL_Driver/Inc -I../Drivers/STM32F4xx_HAL_Driver/Inc/Legacy -I../Drivers/CMSIS/Device/ST/STM32F4xx/Include -I../Drivers/CMSIS/Include -O0 -ffunction-sections -fdata-sections -Wall -fstack-usage -fcyclomatic-complexity -MMD -MP -MF"Core/Src/main.d" -MT"Core/Src/main.o" --specs=nano.specs -mfpu=fpv4-sp-d16 -mfloat-abi=hard -mthumb -o "Core/Src/main.o"
../Core/Src/main.c:4: warning: "DMA2_BASE" redefined
    4 | #define DMA2_BASE 0x40026400
      | 
In file included from ../Drivers/CMSIS/Device/ST/STM32F4xx/Include/stm32f4xx.h:154,
                 from ../Drivers/STM32F4xx_HAL_Driver/Inc/stm32f4xx_hal_def.h:29,
                 from ../Drivers/STM32F4xx_HAL_Driver/Inc/stm32f4xx_hal_rcc.h:27,
                 from ../Core/Inc/stm32f4xx_hal_conf.h:275,
                 from ../Drivers/STM32F4xx_HAL_Driver/Inc/stm32f4xx_hal.h:29,
                 from ../Core/Inc/main.h:30,
                 from ../Core/Src/main.c:1:
../Drivers/CMSIS/Device/ST/STM32F4xx/Include/stm32f411xe.h:711: note: this is the location of the previous definition
  711 | #define DMA2_BASE             (AHB1PERIPH_BASE + 0x6400UL)
      | 
../Core/Src/main.c:18: warning: "GPIOB_BASE" redefined
   18 | #define GPIOB_BASE 0x40020400
      | 
../Drivers/CMSIS/Device/ST/STM32F4xx/Include/stm32f411xe.h:694: note: this is the location of the previous definition
  694 | #define GPIOB_BASE            (AHB1PERIPH_BASE + 0x0400UL)
      | 
../Core/Src/main.c:21: warning: "GPIOD_BASE" redefined
   21 | #define GPIOD_BASE 0x40020C00
      | 
../Drivers/CMSIS/Device/ST/STM32F4xx/Include/stm32f411xe.h:696: note: this is the location of the previous definition
  696 | #define GPIOD_BASE            (AHB1PERIPH_BASE + 0x0C00UL)
      | 
../Core/Src/main.c:24: warning: "RCC_BASE" redefined
   24 | #define RCC_BASE 0x40023800
      | 
../Drivers/CMSIS/Device/ST/STM32F4xx/Include/stm32f411xe.h:700: note: this is the location of the previous definition
  700 | #define RCC_BASE              (AHB1PERIPH_BASE + 0x3800UL)
      | 
../Core/Src/main.c:28: warning: "FLASH_BASE" redefined
   28 | #define FLASH_BASE 0x40023C00
      | 
../Drivers/CMSIS/Device/ST/STM32F4xx/Include/stm32f411xe.h:636: note: this is the location of the previous definition
  636 | #define FLASH_BASE            0x08000000UL /*!< FLASH(up to 1 MB) base address in the alias region                         */
      | 
../Core/Src/main.c: In function 'DMA2_Init':
../Core/Src/main.c:112:21: warning: assignment to 'uint32_t' {aka 'long unsigned int'} from 'char *' makes integer from pointer without a cast [-Wint-conversion]
  112 |         *DMA2_SM0AR = rxbuff;
      |                     ^
../Core/Src/main.c: In function 'update':
../Core/Src/main.c:216:40: warning: passing argument 1 of 'FLASH_Write' makes pointer from integer without a cast [-Wint-conversion]
  216 |                 FLASH_Write(0x08000000 + i, rxbuff[i]);
      |                             ~~~~~~~~~~~^~~
      |                                        |
      |                                        int
../Core/Src/main.c:197:64: note: expected 'uint8_t *' {aka 'unsigned char *'} but argument is of type 'int'
  197 | __attribute__((section(".RamFunc"))) void FLASH_Write(uint8_t* addr, uint8_t data) {
      |                                                       ~~~~~~~~~^~~~
arm-none-eabi-gcc -o "firmware_updater.elf" @"objects.list"   -mcpu=cortex-m4 -T"D:\Personal_projects\STM32F4_firmware_update\firmware_updater\STM32F411VETX_FLASH.ld" --specs=nosys.specs -Wl,-Map="firmware_updater.map" -Wl,--gc-sections -static --specs=nano.specs -mfpu=fpv4-sp-d16 -mfloat-abi=hard -mthumb -Wl,--start-group -lc -lm -Wl,--end-group
D:/STM32cubeIDE/STM32CubeIDE_1.18.1/STM32CubeIDE/plugins/com.st.stm32cube.ide.mcu.externaltools.gnu-tools-for-stm32.13.3.rel1.win32_1.0.0.202411081344/tools/bin/../lib/gcc/arm-none-eabi/13.3.1/../../../../arm-none-eabi/bin/ld.exe: warning: firmware_updater.elf has a LOAD segment with RWX permissions
Finished building target: firmware_updater.elf
 
arm-none-eabi-size  firmware_updater.elf 
arm-none-eabi-objdump -h -S firmware_updater.elf  > "firmware_updater.list"
arm-none-eabi-objcopy  -O binary firmware_updater.elf  "firmware_updater.bin"
   text	   data	    bss	    dec	    hex	filename
   1812	      0	   3684	   5496	   1578	firmware_updater.elf
Finished building: default.size.stdout
 
Finished building: firmware_updater.bin
Finished building: firmware_updater.list
 
 
23:59:31 **** Incremental Build of configuration Debug for project firmware_updater ****
make -j20 all 
arm-none-eabi-gcc "../Core/Src/main.c" -mcpu=cortex-m4 -std=gnu11 -g3 -DDEBUG -DUSE_HAL_DRIVER -DSTM32F411xE -c -I../Core/Inc -I../Drivers/STM32F4xx_HAL_Driver/Inc -I../Drivers/STM32F4xx_HAL_Driver/Inc/Legacy -I../Drivers/CMSIS/Device/ST/STM32F4xx/Include -I../Drivers/CMSIS/Include -O0 -ffunction-sections -fdata-sections -Wall -fstack-usage -fcyclomatic-complexity -MMD -MP -MF"Core/Src/main.d" -MT"Core/Src/main.o" --specs=nano.specs -mfpu=fpv4-sp-d16 -mfloat-abi=hard -mthumb -o "Core/Src/main.o"
../Core/Src/main.c:4: warning: "DMA2_BASE" redefined
    4 | #define DMA2_BASE 0x40026400
      | 
In file included from ../Drivers/CMSIS/Device/ST/STM32F4xx/Include/stm32f4xx.h:154,
                 from ../Drivers/STM32F4xx_HAL_Driver/Inc/stm32f4xx_hal_def.h:29,
                 from ../Drivers/STM32F4xx_HAL_Driver/Inc/stm32f4xx_hal_rcc.h:27,
                 from ../Core/Inc/stm32f4xx_hal_conf.h:275,
                 from ../Drivers/STM32F4xx_HAL_Driver/Inc/stm32f4xx_hal.h:29,
                 from ../Core/Inc/main.h:30,
                 from ../Core/Src/main.c:1:
../Drivers/CMSIS/Device/ST/STM32F4xx/Include/stm32f411xe.h:711: note: this is the location of the previous definition
  711 | #define DMA2_BASE             (AHB1PERIPH_BASE + 0x6400UL)
      | 
../Core/Src/main.c:18: warning: "GPIOB_BASE" redefined
   18 | #define GPIOB_BASE 0x40020400
      | 
../Drivers/CMSIS/Device/ST/STM32F4xx/Include/stm32f411xe.h:694: note: this is the location of the previous definition
  694 | #define GPIOB_BASE            (AHB1PERIPH_BASE + 0x0400UL)
      | 
../Core/Src/main.c:21: warning: "GPIOD_BASE" redefined
   21 | #define GPIOD_BASE 0x40020C00
      | 
../Drivers/CMSIS/Device/ST/STM32F4xx/Include/stm32f411xe.h:696: note: this is the location of the previous definition
  696 | #define GPIOD_BASE            (AHB1PERIPH_BASE + 0x0C00UL)
      | 
../Core/Src/main.c:24: warning: "RCC_BASE" redefined
   24 | #define RCC_BASE 0x40023800
      | 
../Drivers/CMSIS/Device/ST/STM32F4xx/Include/stm32f411xe.h:700: note: this is the location of the previous definition
  700 | #define RCC_BASE              (AHB1PERIPH_BASE + 0x3800UL)
      | 
../Core/Src/main.c:28: warning: "FLASH_BASE" redefined
   28 | #define FLASH_BASE 0x40023C00
      | 
../Drivers/CMSIS/Device/ST/STM32F4xx/Include/stm32f411xe.h:636: note: this is the location of the previous definition
  636 | #define FLASH_BASE            0x08000000UL /*!< FLASH(up to 1 MB) base address in the alias region                         */
      | 
../Core/Src/main.c: In function 'DMA2_Init':
../Core/Src/main.c:112:21: warning: assignment to 'uint32_t' {aka 'long unsigned int'} from 'char *' makes integer from pointer without a cast [-Wint-conversion]
  112 |         *DMA2_SM0AR = rxbuff;
      |                     ^
../Core/Src/main.c: In function 'update':
../Core/Src/main.c:216:40: warning: passing argument 1 of 'FLASH_Write' makes pointer from integer without a cast [-Wint-conversion]
  216 |                 FLASH_Write(0x08000000 + i, rxbuff[i]);
      |                             ~~~~~~~~~~~^~~
      |                                        |
      |                                        int
../Core/Src/main.c:197:64: note: expected 'uint8_t *' {aka 'unsigned char *'} but argument is of type 'int'
  197 | __attribute__((section(".RamFunc"))) void FLASH_Write(uint8_t* addr, uint8_t data) {
      |                                                       ~~~~~~~~~^~~~
arm-none-eabi-gcc -o "firmware_updater.elf" @"objects.list"   -mcpu=cortex-m4 -T"D:\Personal_projects\STM32F4_firmware_update\firmware_updater\STM32F411VETX_FLASH.ld" --specs=nosys.specs -Wl,-Map="firmware_updater.map" -Wl,--gc-sections -static --specs=nano.specs -mfpu=fpv4-sp-d16 -mfloat-abi=hard -mthumb -Wl,--start-group -lc -lm -Wl,--end-group
D:/STM32cubeIDE/STM32CubeIDE_1.18.1/STM32CubeIDE/plugins/com.st.stm32cube.ide.mcu.externaltools.gnu-tools-for-stm32.13.3.rel1.win32_1.0.0.202411081344/tools/bin/../lib/gcc/arm-none-eabi/13.3.1/../../../../arm-none-eabi/bin/ld.exe: warning: firmware_updater.elf has a LOAD segment with RWX permissions
Finished building target: firmware_updater.elf
 
arm-none-eabi-size  firmware_updater.elf 
arm-none-eabi-objdump -h -S firmware_updater.elf  > "firmware_updater.list"
arm-none-eabi-objcopy  -O binary firmware_updater.elf  "firmware_updater.bin"
   text	   data	    bss	    dec	    hex	filename
   1812	      0	  19860	  21672	   54a8	firmware_updater.elf
Finished building: default.size.stdout
 
Finished building: firmware_updater.bin
Finished building: firmware_updater.list
 
 
00:00:38 **** Incremental Build of configuration Debug for project firmware_updater ****
make -j20 all 
arm-none-eabi-gcc "../Core/Src/main.c" -mcpu=cortex-m4 -std=gnu11 -g3 -DDEBUG -DUSE_HAL_DRIVER -DSTM32F411xE -c -I../Core/Inc -I../Drivers/STM32F4xx_HAL_Driver/Inc -I../Drivers/STM32F4xx_HAL_Driver/Inc/Legacy -I../Drivers/CMSIS/Device/ST/STM32F4xx/Include -I../Drivers/CMSIS/Include -O0 -ffunction-sections -fdata-sections -Wall -fstack-usage -fcyclomatic-complexity -MMD -MP -MF"Core/Src/main.d" -MT"Core/Src/main.o" --specs=nano.specs -mfpu=fpv4-sp-d16 -mfloat-abi=hard -mthumb -o "Core/Src/main.o"
../Core/Src/main.c:4: warning: "DMA2_BASE" redefined
    4 | #define DMA2_BASE 0x40026400
      | 
In file included from ../Drivers/CMSIS/Device/ST/STM32F4xx/Include/stm32f4xx.h:154,
                 from ../Drivers/STM32F4xx_HAL_Driver/Inc/stm32f4xx_hal_def.h:29,
                 from ../Drivers/STM32F4xx_HAL_Driver/Inc/stm32f4xx_hal_rcc.h:27,
                 from ../Core/Inc/stm32f4xx_hal_conf.h:275,
                 from ../Drivers/STM32F4xx_HAL_Driver/Inc/stm32f4xx_hal.h:29,
                 from ../Core/Inc/main.h:30,
                 from ../Core/Src/main.c:1:
../Drivers/CMSIS/Device/ST/STM32F4xx/Include/stm32f411xe.h:711: note: this is the location of the previous definition
  711 | #define DMA2_BASE             (AHB1PERIPH_BASE + 0x6400UL)
      | 
../Core/Src/main.c:18: warning: "GPIOB_BASE" redefined
   18 | #define GPIOB_BASE 0x40020400
      | 
../Drivers/CMSIS/Device/ST/STM32F4xx/Include/stm32f411xe.h:694: note: this is the location of the previous definition
  694 | #define GPIOB_BASE            (AHB1PERIPH_BASE + 0x0400UL)
      | 
../Core/Src/main.c:21: warning: "GPIOD_BASE" redefined
   21 | #define GPIOD_BASE 0x40020C00
      | 
../Drivers/CMSIS/Device/ST/STM32F4xx/Include/stm32f411xe.h:696: note: this is the location of the previous definition
  696 | #define GPIOD_BASE            (AHB1PERIPH_BASE + 0x0C00UL)
      | 
../Core/Src/main.c:24: warning: "RCC_BASE" redefined
   24 | #define RCC_BASE 0x40023800
      | 
../Drivers/CMSIS/Device/ST/STM32F4xx/Include/stm32f411xe.h:700: note: this is the location of the previous definition
  700 | #define RCC_BASE              (AHB1PERIPH_BASE + 0x3800UL)
      | 
../Core/Src/main.c:28: warning: "FLASH_BASE" redefined
   28 | #define FLASH_BASE 0x40023C00
      | 
../Drivers/CMSIS/Device/ST/STM32F4xx/Include/stm32f411xe.h:636: note: this is the location of the previous definition
  636 | #define FLASH_BASE            0x08000000UL /*!< FLASH(up to 1 MB) base address in the alias region                         */
      | 
../Core/Src/main.c: In function 'DMA2_Init':
../Core/Src/main.c:112:21: warning: assignment to 'uint32_t' {aka 'long unsigned int'} from 'char *' makes integer from pointer without a cast [-Wint-conversion]
  112 |         *DMA2_SM0AR = rxbuff;
      |                     ^
../Core/Src/main.c: In function 'update':
../Core/Src/main.c:216:40: warning: passing argument 1 of 'FLASH_Write' makes pointer from integer without a cast [-Wint-conversion]
  216 |                 FLASH_Write(0x08000000 + i, rxbuff[i]);
      |                             ~~~~~~~~~~~^~~
      |                                        |
      |                                        int
../Core/Src/main.c:197:64: note: expected 'uint8_t *' {aka 'unsigned char *'} but argument is of type 'int'
  197 | __attribute__((section(".RamFunc"))) void FLASH_Write(uint8_t* addr, uint8_t data) {
      |                                                       ~~~~~~~~~^~~~
arm-none-eabi-gcc -o "firmware_updater.elf" @"objects.list"   -mcpu=cortex-m4 -T"D:\Personal_projects\STM32F4_firmware_update\firmware_updater\STM32F411VETX_FLASH.ld" --specs=nosys.specs -Wl,-Map="firmware_updater.map" -Wl,--gc-sections -static --specs=nano.specs -mfpu=fpv4-sp-d16 -mfloat-abi=hard -mthumb -Wl,--start-group -lc -lm -Wl,--end-group
D:/STM32cubeIDE/STM32CubeIDE_1.18.1/STM32CubeIDE/plugins/com.st.stm32cube.ide.mcu.externaltools.gnu-tools-for-stm32.13.3.rel1.win32_1.0.0.202411081344/tools/bin/../lib/gcc/arm-none-eabi/13.3.1/../../../../arm-none-eabi/bin/ld.exe: warning: firmware_updater.elf has a LOAD segment with RWX permissions
Finished building target: firmware_updater.elf
 
arm-none-eabi-size  firmware_updater.elf 
arm-none-eabi-objdump -h -S firmware_updater.elf  > "firmware_updater.list"
arm-none-eabi-objcopy  -O binary firmware_updater.elf  "firmware_updater.bin"
   text	   data	    bss	    dec	    hex	filename
   1812	      0	   3684	   5496	   1578	firmware_updater.elf
Finished building: default.size.stdout
 
Finished building: firmware_updater.bin
Finished building: firmware_updater.list
 
 
00:17:24 **** Incremental Build of configuration Debug for project firmware_updater ****
make -j20 all 
arm-none-eabi-gcc "../Core/Src/main.c" -mcpu=cortex-m4 -std=gnu11 -g3 -DDEBUG -DUSE_HAL_DRIVER -DSTM32F411xE -c -I../Core/Inc -I../Drivers/STM32F4xx_HAL_Driver/Inc -I../Drivers/STM32F4xx_HAL_Driver/Inc/Legacy -I../Drivers/CMSIS/Device/ST/STM32F4xx/Include -I../Drivers/CMSIS/Include -O0 -ffunction-sections -fdata-sections -Wall -fstack-usage -fcyclomatic-complexity -MMD -MP -MF"Core/Src/main.d" -MT"Core/Src/main.o" --specs=nano.specs -mfpu=fpv4-sp-d16 -mfloat-abi=hard -mthumb -o "Core/Src/main.o"
../Core/Src/main.c:4: warning: "DMA2_BASE" redefined
    4 | #define DMA2_BASE 0x40026400
      | 
In file included from ../Drivers/CMSIS/Device/ST/STM32F4xx/Include/stm32f4xx.h:154,
                 from ../Drivers/STM32F4xx_HAL_Driver/Inc/stm32f4xx_hal_def.h:29,
                 from ../Drivers/STM32F4xx_HAL_Driver/Inc/stm32f4xx_hal_rcc.h:27,
                 from ../Core/Inc/stm32f4xx_hal_conf.h:275,
                 from ../Drivers/STM32F4xx_HAL_Driver/Inc/stm32f4xx_hal.h:29,
                 from ../Core/Inc/main.h:30,
                 from ../Core/Src/main.c:1:
../Drivers/CMSIS/Device/ST/STM32F4xx/Include/stm32f411xe.h:711: note: this is the location of the previous definition
  711 | #define DMA2_BASE             (AHB1PERIPH_BASE + 0x6400UL)
      | 
../Core/Src/main.c:18: warning: "GPIOA_BASE" redefined
   18 | #define GPIOA_BASE 0x40020000
      | 
../Drivers/CMSIS/Device/ST/STM32F4xx/Include/stm32f411xe.h:693: note: this is the location of the previous definition
  693 | #define GPIOA_BASE            (AHB1PERIPH_BASE + 0x0000UL)
      | 
../Core/Src/main.c:21: warning: "GPIOD_BASE" redefined
   21 | #define GPIOD_BASE 0x40020C00
      | 
../Drivers/CMSIS/Device/ST/STM32F4xx/Include/stm32f411xe.h:696: note: this is the location of the previous definition
  696 | #define GPIOD_BASE            (AHB1PERIPH_BASE + 0x0C00UL)
      | 
../Core/Src/main.c:24: warning: "RCC_BASE" redefined
   24 | #define RCC_BASE 0x40023800
      | 
../Drivers/CMSIS/Device/ST/STM32F4xx/Include/stm32f411xe.h:700: note: this is the location of the previous definition
  700 | #define RCC_BASE              (AHB1PERIPH_BASE + 0x3800UL)
      | 
../Core/Src/main.c:29: warning: "FLASH_BASE" redefined
   29 | #define FLASH_BASE 0x40023C00
      | 
../Drivers/CMSIS/Device/ST/STM32F4xx/Include/stm32f411xe.h:636: note: this is the location of the previous definition
  636 | #define FLASH_BASE            0x08000000UL /*!< FLASH(up to 1 MB) base address in the alias region                         */
      | 
../Core/Src/main.c: In function 'main':
../Core/Src/main.c:59:9: warning: implicit declaration of function 'UART2_Init'; did you mean 'UART1_Init'? [-Wimplicit-function-declaration]
   59 |         UART2_Init();
      |         ^~~~~~~~~~
      |         UART1_Init
../Core/Src/main.c: In function 'DMA2_Init':
../Core/Src/main.c:115:21: warning: assignment to 'uint32_t' {aka 'long unsigned int'} from 'char *' makes integer from pointer without a cast [-Wint-conversion]
  115 |         *DMA2_SM0AR = rxbuff;
      |                     ^
../Core/Src/main.c: At top level:
../Core/Src/main.c:132:6: warning: conflicting types for 'UART2_Init'; have 'void()'
  132 | void UART2_Init() {
      |      ^~~~~~~~~~
../Core/Src/main.c:59:9: note: previous implicit declaration of 'UART2_Init' with type 'void()'
   59 |         UART2_Init();
      |         ^~~~~~~~~~
../Core/Src/main.c:170:6: error: conflicting types for 'UART_Write_String'; have 'void(char *, ...)'
  170 | void UART_Write_String(char* s, ...) {
      |      ^~~~~~~~~~~~~~~~~
../Core/Src/main.c:47:6: note: previous declaration of 'UART_Write_String' with type 'void(char *)'
   47 | void UART_Write_String(char* s);
      |      ^~~~~~~~~~~~~~~~~
../Core/Src/main.c: In function 'UART_Write_String':
../Core/Src/main.c:171:9: error: unknown type name 'va_list'
  171 |         va_list arg;
      |         ^~~~~~~
../Core/Src/main.c:3:1: note: 'va_list' is defined in header '<stdarg.h>'; did you forget to '#include <stdarg.h>'?
    2 | #include <string.h>
  +++ |+#include <stdarg.h>
    3 | 
../Core/Src/main.c:172:9: warning: implicit declaration of function 'va_start' [-Wimplicit-function-declaration]
  172 |         va_start(arg, s);
      |         ^~~~~~~~
../Core/Src/main.c:174:9: warning: implicit declaration of function 'vsprintf' [-Wimplicit-function-declaration]
  174 |         vsprintf(rxbuff, s, arg);
      |         ^~~~~~~~
../Core/Src/main.c:3:1: note: include '<stdio.h>' or provide a declaration of 'vsprintf'
    2 | #include <string.h>
  +++ |+#include <stdio.h>
    3 | 
../Core/Src/main.c:174:29: warning: incompatible type for argument 3 of 'vsprintf' [-Wbuiltin-declaration-mismatch]
  174 |         vsprintf(rxbuff, s, arg);
      |                             ^~~
../Core/Src/main.c:174:29: note: expected '__va_list' but argument is of type 'int'
../Core/Src/main.c:175:9: warning: implicit declaration of function 'va_end' [-Wimplicit-function-declaration]
  175 |         va_end(arg);
      |         ^~~~~~
../Core/Src/main.c: In function 'update':
../Core/Src/main.c:224:40: warning: passing argument 1 of 'FLASH_Write' makes pointer from integer without a cast [-Wint-conversion]
  224 |                 FLASH_Write(0x08000000 + i, rxbuff[i]);
      |                             ~~~~~~~~~~~^~~
      |                                        |
      |                                        int
../Core/Src/main.c:205:64: note: expected 'uint8_t *' {aka 'unsigned char *'} but argument is of type 'int'
  205 | __attribute__((section(".RamFunc"))) void FLASH_Write(uint8_t* addr, uint8_t data) {
      |                                                       ~~~~~~~~~^~~~
make: *** [Core/Src/subdir.mk:34: Core/Src/main.o] Error 1
"make -j20 all" terminated with exit code 2. Build might be incomplete.
00:18:10 **** Incremental Build of configuration Debug for project firmware_updater ****
make -j20 all 
arm-none-eabi-gcc "../Core/Src/main.c" -mcpu=cortex-m4 -std=gnu11 -g3 -DDEBUG -DUSE_HAL_DRIVER -DSTM32F411xE -c -I../Core/Inc -I../Drivers/STM32F4xx_HAL_Driver/Inc -I../Drivers/STM32F4xx_HAL_Driver/Inc/Legacy -I../Drivers/CMSIS/Device/ST/STM32F4xx/Include -I../Drivers/CMSIS/Include -O0 -ffunction-sections -fdata-sections -Wall -fstack-usage -fcyclomatic-complexity -MMD -MP -MF"Core/Src/main.d" -MT"Core/Src/main.o" --specs=nano.specs -mfpu=fpv4-sp-d16 -mfloat-abi=hard -mthumb -o "Core/Src/main.o"
../Core/Src/main.c:4: warning: "DMA2_BASE" redefined
    4 | #define DMA2_BASE 0x40026400
      | 
In file included from ../Drivers/CMSIS/Device/ST/STM32F4xx/Include/stm32f4xx.h:154,
                 from ../Drivers/STM32F4xx_HAL_Driver/Inc/stm32f4xx_hal_def.h:29,
                 from ../Drivers/STM32F4xx_HAL_Driver/Inc/stm32f4xx_hal_rcc.h:27,
                 from ../Core/Inc/stm32f4xx_hal_conf.h:275,
                 from ../Drivers/STM32F4xx_HAL_Driver/Inc/stm32f4xx_hal.h:29,
                 from ../Core/Inc/main.h:30,
                 from ../Core/Src/main.c:1:
../Drivers/CMSIS/Device/ST/STM32F4xx/Include/stm32f411xe.h:711: note: this is the location of the previous definition
  711 | #define DMA2_BASE             (AHB1PERIPH_BASE + 0x6400UL)
      | 
../Core/Src/main.c:18: warning: "GPIOA_BASE" redefined
   18 | #define GPIOA_BASE 0x40020000
      | 
../Drivers/CMSIS/Device/ST/STM32F4xx/Include/stm32f411xe.h:693: note: this is the location of the previous definition
  693 | #define GPIOA_BASE            (AHB1PERIPH_BASE + 0x0000UL)
      | 
../Core/Src/main.c:21: warning: "GPIOD_BASE" redefined
   21 | #define GPIOD_BASE 0x40020C00
      | 
../Drivers/CMSIS/Device/ST/STM32F4xx/Include/stm32f411xe.h:696: note: this is the location of the previous definition
  696 | #define GPIOD_BASE            (AHB1PERIPH_BASE + 0x0C00UL)
      | 
../Core/Src/main.c:24: warning: "RCC_BASE" redefined
   24 | #define RCC_BASE 0x40023800
      | 
../Drivers/CMSIS/Device/ST/STM32F4xx/Include/stm32f411xe.h:700: note: this is the location of the previous definition
  700 | #define RCC_BASE              (AHB1PERIPH_BASE + 0x3800UL)
      | 
../Core/Src/main.c:29: warning: "FLASH_BASE" redefined
   29 | #define FLASH_BASE 0x40023C00
      | 
../Drivers/CMSIS/Device/ST/STM32F4xx/Include/stm32f411xe.h:636: note: this is the location of the previous definition
  636 | #define FLASH_BASE            0x08000000UL /*!< FLASH(up to 1 MB) base address in the alias region                         */
      | 
../Core/Src/main.c: In function 'main':
../Core/Src/main.c:59:9: warning: implicit declaration of function 'UART2_Init'; did you mean 'UART1_Init'? [-Wimplicit-function-declaration]
   59 |         UART2_Init();
      |         ^~~~~~~~~~
      |         UART1_Init
../Core/Src/main.c: In function 'DMA2_Init':
../Core/Src/main.c:115:21: warning: assignment to 'uint32_t' {aka 'long unsigned int'} from 'char *' makes integer from pointer without a cast [-Wint-conversion]
  115 |         *DMA2_SM0AR = rxbuff;
      |                     ^
../Core/Src/main.c: At top level:
../Core/Src/main.c:132:6: warning: conflicting types for 'UART2_Init'; have 'void()'
  132 | void UART2_Init() {
      |      ^~~~~~~~~~
../Core/Src/main.c:59:9: note: previous implicit declaration of 'UART2_Init' with type 'void()'
   59 |         UART2_Init();
      |         ^~~~~~~~~~
../Core/Src/main.c: In function 'update':
../Core/Src/main.c:219:40: warning: passing argument 1 of 'FLASH_Write' makes pointer from integer without a cast [-Wint-conversion]
  219 |                 FLASH_Write(0x08000000 + i, rxbuff[i]);
      |                             ~~~~~~~~~~~^~~
      |                                        |
      |                                        int
../Core/Src/main.c:200:64: note: expected 'uint8_t *' {aka 'unsigned char *'} but argument is of type 'int'
  200 | __attribute__((section(".RamFunc"))) void FLASH_Write(uint8_t* addr, uint8_t data) {
      |                                                       ~~~~~~~~~^~~~
arm-none-eabi-gcc -o "firmware_updater.elf" @"objects.list"   -mcpu=cortex-m4 -T"D:\Personal_projects\STM32F4_firmware_update\firmware_updater\STM32F411VETX_FLASH.ld" --specs=nosys.specs -Wl,-Map="firmware_updater.map" -Wl,--gc-sections -static --specs=nano.specs -mfpu=fpv4-sp-d16 -mfloat-abi=hard -mthumb -Wl,--start-group -lc -lm -Wl,--end-group
D:/STM32cubeIDE/STM32CubeIDE_1.18.1/STM32CubeIDE/plugins/com.st.stm32cube.ide.mcu.externaltools.gnu-tools-for-stm32.13.3.rel1.win32_1.0.0.202411081344/tools/bin/../lib/gcc/arm-none-eabi/13.3.1/../../../../arm-none-eabi/bin/ld.exe: warning: firmware_updater.elf has a LOAD segment with RWX permissions
Finished building target: firmware_updater.elf
 
arm-none-eabi-size  firmware_updater.elf 
arm-none-eabi-objdump -h -S firmware_updater.elf  > "firmware_updater.list"
arm-none-eabi-objcopy  -O binary firmware_updater.elf  "firmware_updater.bin"
   text	   data	    bss	    dec	    hex	filename
   2064	      0	   5080	   7144	   1be8	firmware_updater.elf
Finished building: default.size.stdout
 
Finished building: firmware_updater.bin
Finished building: firmware_updater.list
 
 
00:24:54 **** Incremental Build of configuration Debug for project firmware_updater ****
make -j20 all 
arm-none-eabi-gcc "../Core/Src/main.c" -mcpu=cortex-m4 -std=gnu11 -g3 -DDEBUG -DUSE_HAL_DRIVER -DSTM32F411xE -c -I../Core/Inc -I../Drivers/STM32F4xx_HAL_Driver/Inc -I../Drivers/STM32F4xx_HAL_Driver/Inc/Legacy -I../Drivers/CMSIS/Device/ST/STM32F4xx/Include -I../Drivers/CMSIS/Include -O0 -ffunction-sections -fdata-sections -Wall -fstack-usage -fcyclomatic-complexity -MMD -MP -MF"Core/Src/main.d" -MT"Core/Src/main.o" --specs=nano.specs -mfpu=fpv4-sp-d16 -mfloat-abi=hard -mthumb -o "Core/Src/main.o"
../Core/Src/main.c:4: warning: "DMA2_BASE" redefined
    4 | #define DMA2_BASE 0x40026400
      | 
In file included from ../Drivers/CMSIS/Device/ST/STM32F4xx/Include/stm32f4xx.h:154,
                 from ../Drivers/STM32F4xx_HAL_Driver/Inc/stm32f4xx_hal_def.h:29,
                 from ../Drivers/STM32F4xx_HAL_Driver/Inc/stm32f4xx_hal_rcc.h:27,
                 from ../Core/Inc/stm32f4xx_hal_conf.h:275,
                 from ../Drivers/STM32F4xx_HAL_Driver/Inc/stm32f4xx_hal.h:29,
                 from ../Core/Inc/main.h:30,
                 from ../Core/Src/main.c:1:
../Drivers/CMSIS/Device/ST/STM32F4xx/Include/stm32f411xe.h:711: note: this is the location of the previous definition
  711 | #define DMA2_BASE             (AHB1PERIPH_BASE + 0x6400UL)
      | 
../Core/Src/main.c:18: warning: "GPIOA_BASE" redefined
   18 | #define GPIOA_BASE 0x40020000
      | 
../Drivers/CMSIS/Device/ST/STM32F4xx/Include/stm32f411xe.h:693: note: this is the location of the previous definition
  693 | #define GPIOA_BASE            (AHB1PERIPH_BASE + 0x0000UL)
      | 
../Core/Src/main.c:21: warning: "GPIOD_BASE" redefined
   21 | #define GPIOD_BASE 0x40020C00
      | 
../Drivers/CMSIS/Device/ST/STM32F4xx/Include/stm32f411xe.h:696: note: this is the location of the previous definition
  696 | #define GPIOD_BASE            (AHB1PERIPH_BASE + 0x0C00UL)
      | 
[...]
  700 | #define RCC_BASE              (AHB1PERIPH_BASE + 0x3800UL)
      | 
../Core/Src/main.c:28: warning: "FLASH_BASE" redefined
   28 | #define FLASH_BASE 0x40023C00
      | 
../Drivers/CMSIS/Device/ST/STM32F4xx/Include/stm32f411xe.h:636: note: this is the location of the previous definition
  636 | #define FLASH_BASE            0x08000000UL /*!< FLASH(up to 1 MB) base address in the alias region                         */
      | 
../Core/Src/main.c: In function 'DMA2_Init':
../Core/Src/main.c:97:21: warning: assignment to 'uint32_t' {aka 'long unsigned int'} from 'char *' makes integer from pointer without a cast [-Wint-conversion]
   97 |         *DMA2_SM0AR = rxbuff;
      |                     ^
../Core/Src/main.c: In function 'update':
../Core/Src/main.c:201:40: warning: passing argument 1 of 'FLASH_Write' makes pointer from integer without a cast [-Wint-conversion]
  201 |                 FLASH_Write(0x08000000 + i, rxbuff[i]);
      |                             ~~~~~~~~~~~^~~
      |                                        |
      |                                        int
../Core/Src/main.c:182:64: note: expected 'uint8_t *' {aka 'unsigned char *'} but argument is of type 'int'
  182 | __attribute__((section(".RamFunc"))) void FLASH_Write(uint8_t* addr, uint8_t data) {
      |                                                       ~~~~~~~~~^~~~
arm-none-eabi-gcc -o "firmware_updater.elf" @"objects.list"   -mcpu=cortex-m4 -T"D:\Personal_projects\STM32F4_firmware_update\firmware_updater\STM32F411VETX_FLASH.ld" --specs=nosys.specs -Wl,-Map="firmware_updater.map" -Wl,--gc-sections -static --specs=nano.specs -mfpu=fpv4-sp-d16 -mfloat-abi=hard -mthumb -Wl,--start-group -lc -lm -Wl,--end-group
D:/STM32cubeIDE/STM32CubeIDE_1.18.1/STM32CubeIDE/plugins/com.st.stm32cube.ide.mcu.externaltools.gnu-tools-for-stm32.13.3.rel1.win32_1.0.0.202411081344/tools/bin/../lib/gcc/arm-none-eabi/13.3.1/../../../../arm-none-eabi/bin/ld.exe: warning: firmware_updater.elf has a LOAD segment with RWX permissions
Finished building target: firmware_updater.elf
 
arm-none-eabi-size  firmware_updater.elf 
arm-none-eabi-objdump -h -S firmware_updater.elf  > "firmware_updater.list"
arm-none-eabi-objcopy  -O binary firmware_updater.elf  "firmware_updater.bin"
   text	   data	    bss	    dec	    hex	filename
   1812	      0	  19860	  21672	   54a8	firmware_updater.elf
Finished building: default.size.stdout
 
Finished building: firmware_updater.bin
Finished building: firmware_updater.list
 
 
01:15:12 **** Incremental Build of configuration Debug for project firmware_updater ****
make -j20 all 
arm-none-eabi-gcc "../Core/Src/main.c" -mcpu=cortex-m4 -std=gnu11 -g3 -DDEBUG -DUSE_HAL_DRIVER -DSTM32F411xE -c -I../Core/Inc -I../Drivers/STM32F4xx_HAL_Driver/Inc -I../Drivers/STM32F4xx_HAL_Driver/Inc/Legacy -I../Drivers/CMSIS/Device/ST/STM32F4xx/Include -I../Drivers/CMSIS/Include -O0 -ffunction-sections -fdata-sections -Wall -fstack-usage -fcyclomatic-complexity -MMD -MP -MF"Core/Src/main.d" -MT"Core/Src/main.o" --specs=nano.specs -mfpu=fpv4-sp-d16 -mfloat-abi=hard -mthumb -o "Core/Src/main.o"
../Core/Src/main.c:4: warning: "DMA2_BASE" redefined
    4 | #define DMA2_BASE 0x40026400
      | 
In file included from ../Drivers/CMSIS/Device/ST/STM32F4xx/Include/stm32f4xx.h:154,
                 from ../Drivers/STM32F4xx_HAL_Driver/Inc/stm32f4xx_hal_def.h:29,
                 from ../Drivers/STM32F4xx_HAL_Driver/Inc/stm32f4xx_hal_rcc.h:27,
                 from ../Core/Inc/stm32f4xx_hal_conf.h:275,
                 from ../Drivers/STM32F4xx_HAL_Driver/Inc/stm32f4xx_hal.h:29,
                 from ../Core/Inc/main.h:30,
                 from ../Core/Src/main.c:1:
../Drivers/CMSIS/Device/ST/STM32F4xx/Include/stm32f411xe.h:711: note: this is the location of the previous definition
  711 | #define DMA2_BASE             (AHB1PERIPH_BASE + 0x6400UL)
      | 
../Core/Src/main.c:18: warning: "GPIOB_BASE" redefined
   18 | #define GPIOB_BASE 0x40020400
      | 
../Drivers/CMSIS/Device/ST/STM32F4xx/Include/stm32f411xe.h:694: note: this is the location of the previous definition
  694 | #define GPIOB_BASE            (AHB1PERIPH_BASE + 0x0400UL)
      | 
../Core/Src/main.c:21: warning: "GPIOD_BASE" redefined
   21 | #define GPIOD_BASE 0x40020C00
      | 
../Drivers/CMSIS/Device/ST/STM32F4xx/Include/stm32f411xe.h:696: note: this is the location of the previous definition
  696 | #define GPIOD_BASE            (AHB1PERIPH_BASE + 0x0C00UL)
      | 
../Core/Src/main.c:24: warning: "RCC_BASE" redefined
   24 | #define RCC_BASE 0x40023800
      | 
../Drivers/CMSIS/Device/ST/STM32F4xx/Include/stm32f411xe.h:700: note: this is the location of the previous definition
  700 | #define RCC_BASE              (AHB1PERIPH_BASE + 0x3800UL)
      | 
../Core/Src/main.c:28: warning: "FLASH_BASE" redefined
   28 | #define FLASH_BASE 0x40023C00
      | 
../Drivers/CMSIS/Device/ST/STM32F4xx/Include/stm32f411xe.h:636: note: this is the location of the previous definition
  636 | #define FLASH_BASE            0x08000000UL /*!< FLASH(up to 1 MB) base address in the alias region                         */
      | 
../Core/Src/main.c: In function 'DMA2_Init':
../Core/Src/main.c:97:21: warning: assignment to 'uint32_t' {aka 'long unsigned int'} from 'char *' makes integer from pointer without a cast [-Wint-conversion]
   97 |         *DMA2_SM0AR = rxbuff;
      |                     ^
../Core/Src/main.c: In function 'update':
../Core/Src/main.c:201:40: warning: passing argument 1 of 'FLASH_Write' makes pointer from integer without a cast [-Wint-conversion]
  201 |                 FLASH_Write(0x08000000 + i, rxbuff[i]);
      |                             ~~~~~~~~~~~^~~
      |                                        |
      |                                        int
../Core/Src/main.c:182:64: note: expected 'uint8_t *' {aka 'unsigned char *'} but argument is of type 'int'
  182 | __attribute__((section(".RamFunc"))) void FLASH_Write(uint8_t* addr, uint8_t data) {
      |                                                       ~~~~~~~~~^~~~
arm-none-eabi-gcc -o "firmware_updater.elf" @"objects.list"   -mcpu=cortex-m4 -T"D:\Personal_projects\STM32F4_firmware_update\firmware_updater\STM32F411VETX_FLASH.ld" --specs=nosys.specs -Wl,-Map="firmware_updater.map" -Wl,--gc-sections -static --specs=nano.specs -mfpu=fpv4-sp-d16 -mfloat-abi=hard -mthumb -Wl,--start-group -lc -lm -Wl,--end-group
D:/STM32cubeIDE/STM32CubeIDE_1.18.1/STM32CubeIDE/plugins/com.st.stm32cube.ide.mcu.externaltools.gnu-tools-for-stm32.13.3.rel1.win32_1.0.0.202411081344/tools/bin/../lib/gcc/arm-none-eabi/13.3.1/../../../../arm-none-eabi/bin/ld.exe: warning: firmware_updater.elf has a LOAD segment with RWX permissions
Finished building target: firmware_updater.elf
 
arm-none-eabi-size  firmware_updater.elf 
arm-none-eabi-objdump -h -S firmware_updater.elf  > "firmware_updater.list"
arm-none-eabi-objcopy  -O binary firmware_updater.elf  "firmware_updater.bin"
   text	   data	    bss	    dec	    hex	filename
   1812	      0	   3684	   5496	   1578	firmware_updater.elf
Finished building: default.size.stdout
 
Finished building: firmware_updater.bin
Finished building: firmware_updater.list
 
 
01:16:58 **** Incremental Build of configuration Debug for project firmware_updater ****
make -j20 all 
arm-none-eabi-size  firmware_updater.elf 
   text	   data	    bss	    dec	    hex	filename
   1812	      0	   3684	   5496	   1578	firmware_updater.elf
Finished building: default.size.stdout
 
01:18:22 **** Incremental Build of configuration Debug for project firmware_updater ****
make -j20 all 
arm-none-eabi-gcc "../Core/Src/main.c" -mcpu=cortex-m4 -std=gnu11 -g3 -DDEBUG -DUSE_HAL_DRIVER -DSTM32F411xE -c -I../Core/Inc -I../Drivers/STM32F4xx_HAL_Driver/Inc -I../Drivers/STM32F4xx_HAL_Driver/Inc/Legacy -I../Drivers/CMSIS/Device/ST/STM32F4xx/Include -I../Drivers/CMSIS/Include -O0 -ffunction-sections -fdata-sections -Wall -fstack-usage -fcyclomatic-complexity -MMD -MP -MF"Core/Src/main.d" -MT"Core/Src/main.o" --specs=nano.specs -mfpu=fpv4-sp-d16 -mfloat-abi=hard -mthumb -o "Core/Src/main.o"
../Core/Src/main.c:4: warning: "DMA2_BASE" redefined
    4 | #define DMA2_BASE 0x40026400
      | 
In file included from ../Drivers/CMSIS/Device/ST/STM32F4xx/Include/stm32f4xx.h:154,
                 from ../Drivers/STM32F4xx_HAL_Driver/Inc/stm32f4xx_hal_def.h:29,
                 from ../Drivers/STM32F4xx_HAL_Driver/Inc/stm32f4xx_hal_rcc.h:27,
                 from ../Core/Inc/stm32f4xx_hal_conf.h:275,
                 from ../Drivers/STM32F4xx_HAL_Driver/Inc/stm32f4xx_hal.h:29,
                 from ../Core/Inc/main.h:30,
                 from ../Core/Src/main.c:1:
../Drivers/CMSIS/Device/ST/STM32F4xx/Include/stm32f411xe.h:711: note: this is the location of the previous definition
  711 | #define DMA2_BASE             (AHB1PERIPH_BASE + 0x6400UL)
      | 
../Core/Src/main.c:18: warning: "GPIOB_BASE" redefined
   18 | #define GPIOB_BASE 0x40020400
      | 
../Drivers/CMSIS/Device/ST/STM32F4xx/Include/stm32f411xe.h:694: note: this is the location of the previous definition
  694 | #define GPIOB_BASE            (AHB1PERIPH_BASE + 0x0400UL)
      | 
../Core/Src/main.c:21: warning: "GPIOD_BASE" redefined
   21 | #define GPIOD_BASE 0x40020C00
      | 
../Drivers/CMSIS/Device/ST/STM32F4xx/Include/stm32f411xe.h:696: note: this is the location of the previous definition
  696 | #define GPIOD_BASE            (AHB1PERIPH_BASE + 0x0C00UL)
      | 
../Core/Src/main.c:24: warning: "RCC_BASE" redefined
   24 | #define RCC_BASE 0x40023800
      | 
../Drivers/CMSIS/Device/ST/STM32F4xx/Include/stm32f411xe.h:700: note: this is the location of the previous definition
  700 | #define RCC_BASE              (AHB1PERIPH_BASE + 0x3800UL)
      | 
../Core/Src/main.c:28: warning: "FLASH_BASE" redefined
   28 | #define FLASH_BASE 0x40023C00
      | 
../Drivers/CMSIS/Device/ST/STM32F4xx/Include/stm32f411xe.h:636: note: this is the location of the previous definition
  636 | #define FLASH_BASE            0x08000000UL /*!< FLASH(up to 1 MB) base address in the alias region                         */
      | 
../Core/Src/main.c: In function 'DMA2_Init':
../Core/Src/main.c:97:21: warning: assignment to 'uint32_t' {aka 'long unsigned int'} from 'char *' makes integer from pointer without a cast [-Wint-conversion]
   97 |         *DMA2_SM0AR = rxbuff;
      |                     ^
../Core/Src/main.c: In function 'update':
../Core/Src/main.c:201:40: warning: passing argument 1 of 'FLASH_Write' makes pointer from integer without a cast [-Wint-conversion]
  201 |                 FLASH_Write(0x08000000 + i, rxbuff[i]);
      |                             ~~~~~~~~~~~^~~
      |                                        |
      |                                        int
../Core/Src/main.c:182:64: note: expected 'uint8_t *' {aka 'unsigned char *'} but argument is of type 'int'
  182 | __attribute__((section(".RamFunc"))) void FLASH_Write(uint8_t* addr, uint8_t data) {
      |                                                       ~~~~~~~~~^~~~
arm-none-eabi-gcc -o "firmware_updater.elf" @"objects.list"   -mcpu=cortex-m4 -T"D:\Personal_projects\STM32F4_firmware_update\firmware_updater\STM32F411VETX_FLASH.ld" --specs=nosys.specs -Wl,-Map="firmware_updater.map" -Wl,--gc-sections -static --specs=nano.specs -mfpu=fpv4-sp-d16 -mfloat-abi=hard -mthumb -Wl,--start-group -lc -lm -Wl,--end-group
D:/STM32cubeIDE/STM32CubeIDE_1.18.1/STM32CubeIDE/plugins/com.st.stm32cube.ide.mcu.externaltools.gnu-tools-for-stm32.13.3.rel1.win32_1.0.0.202411081344/tools/bin/../lib/gcc/arm-none-eabi/13.3.1/../../../../arm-none-eabi/bin/ld.exe: warning: firmware_updater.elf has a LOAD segment with RWX permissions
Finished building target: firmware_updater.elf
 
arm-none-eabi-size  firmware_updater.elf 
arm-none-eabi-objdump -h -S firmware_updater.elf  > "firmware_updater.list"
arm-none-eabi-objcopy  -O binary firmware_updater.elf  "firmware_updater.bin"
   text	   data	    bss	    dec	    hex	filename
   1812	      0	  19860	  21672	   54a8	firmware_updater.elf
Finished building: default.size.stdout
 
Finished building: firmware_updater.bin
Finished building: firmware_updater.list
 
 
01:21:49 **** Incremental Build of configuration Debug for project app03_Gyroscope ****
make -j20 all 
arm-none-eabi-size  app03_Gyroscope.elf 
   text	   data	    bss	    dec	    hex	filename
   3504	      0	   2584	   6088	   17c8	app03_Gyroscope.elf
Finished building: default.size.stdout
 
01:23:17 **** Incremental Build of configuration Debug for project app03_Gyroscope ****
make -j20 all 
arm-none-eabi-size  app03_Gyroscope.elf 
   text	   data	    bss	    dec	    hex	filename
   3504	      0	   2584	   6088	   17c8	app03_Gyroscope.elf
Finished building: default.size.stdout
 
01:24:12 **** Incremental Build of configuration Debug for project app03_Gyroscope ****
make -j20 all 
arm-none-eabi-size  app03_Gyroscope.elf 
   text	   data	    bss	    dec	    hex	filename
   3504	      0	   2584	   6088	   17c8	app03_Gyroscope.elf
Finished building: default.size.stdout
 
01:25:13 **** Incremental Build of configuration Debug for project app03_Gyroscope ****
make -j20 all 
arm-none-eabi-size  app03_Gyroscope.elf 
   text	   data	    bss	    dec	    hex	filename
   3504	      0	   2584	   6088	   17c8	app03_Gyroscope.elf
Finished building: default.size.stdout
 
01:27:05 **** Incremental Build of configuration Debug for project app04_MotionAlarm ****
make -j20 all 
arm-none-eabi-gcc "../Core/Src/main.c" -mcpu=cortex-m4 -std=gnu11 -g3 -DDEBUG -DUSE_HAL_DRIVER -DSTM32F411xE -c -I../Core/Inc -I../Drivers/STM32F4xx_HAL_Driver/Inc -I../Drivers/STM32F4xx_HAL_Driver/Inc/Legacy -I../Drivers/CMSIS/Device/ST/STM32F4xx/Include -I../Drivers/CMSIS/Include -O0 -ffunction-sections -fdata-sections -Wall -fstack-usage -fcyclomatic-complexity -MMD -MP -MF"Core/Src/main.d" -MT"Core/Src/main.o" --specs=nano.specs -mfpu=fpv4-sp-d16 -mfloat-abi=hard -mthumb -o "Core/Src/main.o"
../Core/Src/main.c:3: warning: "I2C1_BASE" redefined
    3 | #define I2C1_BASE 0x40005400
      | 
In file included from ../Drivers/CMSIS/Device/ST/STM32F4xx/Include/stm32f4xx.h:154,
                 from ../Drivers/STM32F4xx_HAL_Driver/Inc/stm32f4xx_hal_def.h:29,
                 from ../Drivers/STM32F4xx_HAL_Driver/Inc/stm32f4xx_hal_rcc.h:27,
                 from ../Core/Inc/stm32f4xx_hal_conf.h:275,
                 from ../Drivers/STM32F4xx_HAL_Driver/Inc/stm32f4xx_hal.h:29,
                 from ../Core/Inc/main.h:30,
                 from ../Core/Src/main.c:1:
../Drivers/CMSIS/Device/ST/STM32F4xx/Include/stm32f411xe.h:669: note: this is the location of the previous definition
  669 | #define I2C1_BASE             (APB1PERIPH_BASE + 0x5400UL)
      | 
../Core/Src/main.c:11: warning: "RCC_BASE" redefined
   11 | #define RCC_BASE 0x40023800
      | 
../Drivers/CMSIS/Device/ST/STM32F4xx/Include/stm32f411xe.h:700: note: this is the location of the previous definition
  700 | #define RCC_BASE              (AHB1PERIPH_BASE + 0x3800UL)
      | 
../Core/Src/main.c:16: warning: "GPIOA_BASE" redefined
   16 | #define GPIOA_BASE 0x40020000
      | 
../Drivers/CMSIS/Device/ST/STM32F4xx/Include/stm32f411xe.h:693: note: this is the location of the previous definition
  693 | #define GPIOA_BASE            (AHB1PERIPH_BASE + 0x0000UL)
      | 
../Core/Src/main.c:20: warning: "GPIOD_BASE" redefined
   20 | #define GPIOD_BASE 0x40020C00
      | 
../Drivers/CMSIS/Device/ST/STM32F4xx/Include/stm32f411xe.h:696: note: this is the location of the previous definition
  696 | #define GPIOD_BASE            (AHB1PERIPH_BASE + 0x0C00UL)
      | 
../Core/Src/main.c:30: warning: "DMA2_BASE" redefined
   30 | #define DMA2_BASE 0x40026400
      | 
../Drivers/CMSIS/Device/ST/STM32F4xx/Include/stm32f411xe.h:711: note: this is the location of the previous definition
  711 | #define DMA2_BASE             (AHB1PERIPH_BASE + 0x6400UL)
      | 
../Core/Src/main.c:44: warning: "FLASH_BASE" redefined
   44 | #define FLASH_BASE 0x40023C00
      | 
../Drivers/CMSIS/Device/ST/STM32F4xx/Include/stm32f411xe.h:636: note: this is the location of the previous definition
  636 | #define FLASH_BASE            0x08000000UL /*!< FLASH(up to 1 MB) base address in the alias region                         */
      | 
../Core/Src/main.c: In function 'main':
../Core/Src/main.c:79:17: warning: unused variable 'device' [-Wunused-variable]
   79 |         uint8_t device = I2C_Read(0x0F);
      |                 ^~~~~~
../Core/Src/main.c: In function 'I2C_Write':
../Core/Src/main.c:144:17: warning: unused variable 'temp' [-Wunused-variable]
  144 |         uint8_t temp = *I2C1_SR2;
      |                 ^~~~
../Core/Src/main.c: In function 'I2C_Read':
../Core/Src/main.c:167:17: warning: variable 'temp' set but not used [-Wunused-but-set-variable]
  167 |         uint8_t temp = *I2C1_SR2;
      |                 ^~~~
../Core/Src/main.c: In function 'DMA2_Init':
../Core/Src/main.c:258:21: warning: assignment to 'uint32_t' {aka 'long unsigned int'} from 'char *' makes integer from pointer without a cast [-Wint-conversion]
  258 |         *DMA2_SM0AR = rxbuff;
      |                     ^
../Core/Src/main.c: In function 'UART_Write_String':
../Core/Src/main.c:314:26: warning: implicit declaration of function 'strlen' [-Wimplicit-function-declaration]
  314 |         unsigned int l = strlen(s);
      |                          ^~~~~~
../Core/Src/main.c:2:1: note: include '<string.h>' or provide a declaration of 'strlen'
    1 | #include "main.h"
  +++ |+#include <string.h>
    2 | 
../Core/Src/main.c:314:26: warning: incompatible implicit declaration of built-in function 'strlen' [-Wbuiltin-declaration-mismatch]
  314 |         unsigned int l = strlen(s);
      |                          ^~~~~~
../Core/Src/main.c:314:26: note: include '<string.h>' or provide a declaration of 'strlen'
../Core/Src/main.c: In function 'update':
../Core/Src/main.c:362:40: warning: passing argument 1 of 'FLASH_Write' makes pointer from integer without a cast [-Wint-conversion]
  362 |                 FLASH_Write(0x08000000 + i, rxbuff[i]);
      |                             ~~~~~~~~~~~^~~
      |                                        |
      |                                        int
../Core/Src/main.c:343:64: note: expected 'uint8_t *' {aka 'unsigned char *'} but argument is of type 'int'
  343 | __attribute__((section(".RamFunc"))) void FLASH_Write(uint8_t* addr, uint8_t data) {
      |                                                       ~~~~~~~~~^~~~
arm-none-eabi-gcc -o "app04_MotionAlarm.elf" @"objects.list"   -mcpu=cortex-m4 -T"D:\Personal_projects\STM32F4_firmware_update\app04_MotionAlarm\STM32F411VETX_FLASH.ld" --specs=nosys.specs -Wl,-Map="app04_MotionAlarm.map" -Wl,--gc-sections -static --specs=nano.specs -mfpu=fpv4-sp-d16 -mfloat-abi=hard -mthumb -Wl,--start-group -lc -lm -Wl,--end-group
D:/STM32cubeIDE/STM32CubeIDE_1.18.1/STM32CubeIDE/plugins/com.st.stm32cube.ide.mcu.externaltools.gnu-tools-for-stm32.13.3.rel1.win32_1.0.0.202411081344/tools/bin/../lib/gcc/arm-none-eabi/13.3.1/../../../../arm-none-eabi/bin/ld.exe: warning: app04_MotionAlarm.elf has a LOAD segment with RWX permissions
Finished building target: app04_MotionAlarm.elf
 
arm-none-eabi-size  app04_MotionAlarm.elf 
arm-none-eabi-objdump -h -S app04_MotionAlarm.elf  > "app04_MotionAlarm.list"
arm-none-eabi-objcopy  -O binary app04_MotionAlarm.elf  "app04_MotionAlarm.bin"
   text	   data	    bss	    dec	    hex	filename
   3264	      0	   2592	   5856	   16e0	app04_MotionAlarm.elf
Finished building: default.size.stdout
 
Finished building: app04_MotionAlarm.bin
 
Finished building: app04_MotionAlarm.list
 
01:28:04 **** Incremental Build of configuration Debug for project app04_MotionAlarm ****
make -j20 all 
arm-none-eabi-size  app04_MotionAlarm.elf 
   text	   data	    bss	    dec	    hex	filename
   3264	      0	   2592	   5856	   16e0	app04_MotionAlarm.elf
Finished building: default.size.stdout
 
