../Core/Src/main.c:343:43:FLASH_Erase	32	static
../Core/Src/main.c:358:43:FLASH_Write	32	static
../Core/Src/main.c:374:43:update	16	static
../Core/Src/main.c:71:5:main	16	static,ignoring_inline_asm
../Core/Src/main.c:106:6:I2C1_Init	40	static
../Core/Src/main.c:133:6:I2C_Write	40	static
../Core/Src/main.c:155:9:I2C_Read	40	static
../Core/Src/main.c:187:6:LED_Init	16	static
../Core/Src/main.c:195:6:LED_Toggle	24	static
../Core/Src/main.c:200:6:LED_Blink	24	static
../Core/Src/main.c:209:6:LED_Matrix	8	static
../Core/Src/main.c:243:6:TIMER1_Init	32	static
../Core/Src/main.c:258:6:TIM1_UP_TIM10_IRQHandler	16	static
../Core/Src/main.c:264:6:delay	16	static
../Core/Src/main.c:269:6:DMA2_Init	32	static
../Core/Src/main.c:284:6:DMA2_Stream2_IRQHandler	16	static
../Core/Src/main.c:290:6:UART2_Init	40	static
../Core/Src/main.c:320:6:UART_Write	24	static
../Core/Src/main.c:328:6:UART_Write_String	24	static
../Core/Src/main.c:335:6:UART_Read	24	static
